sd image   /home/valtzu/src/rpi-virt-fw/testdata/boot/../../firmware/sd.img (524288 blocks)
eeprom     26 sections
  0x000000..0x011da8  bootcode
  0x011da8..0x011fbc  pad
  0x011fc0..0x045e2d  packed 0xf44f
  0x045e30..0x048fda  packed 0xf44f
  0x048fe0..0x04bbcd  packed 0xf44f
  0x04bbd0..0x04e458  packed 0xf44f
  0x04e458..0x050b4b  packed 0xf44f
  0x050b50..0x0539c5  packed 0xf44f
  0x0539c8..0x056805  packed 0xf44f
  0x056808..0x059322  packed 0xf44f
  0x059328..0x05c277  packed 0xf44f
  0x05c278..0x05eb78  packed 0xf44f
  0x05eb78..0x05f08f  packed 0xf44f
  0x05f090..0x060c0c  packed 0xf33f
  0x060c10..0x06f83b  packed 0xf33f
  0x06f840..0x070118  packed 0xf44f
  0x070118..0x071e1e  packed 0xf44f
  0x071e20..0x071e40  file updatetime
  0x071e40..0x071f00  pad
  0x071f00..0x072118  file pubkey.bin
  0x072118..0x072200  pad
  0x072200..0x072a18  file cacert.der
  0x072a18..0x072b00  pad
  0x072b00..0x072f18  file bootconf.sig
  0x072f18..0x073000  pad
  0x073000..0x073067  file bootconf.txt
           [all] BOOT_UART=0
           [all] WAKE_ON_GPIO=1
           [all] POWER_OFF_ON_HALT=0
           [all] NET_INSTALL_AT_POWER_ON=1

  0.00 RPi: BOOTSYS release VERSION:0a7ef05f DATE: 2026/08/04 TIME: 12:38:13
  0.00 MFG_VER: 1
  0.00 BOOTMODE: 0x00 partition 0 build-ts BUILD_TIMESTAMP=1785847093 serial 1aa2bb31 boardrev d03115 stc 2339
  0.00 PM_RSTS 00000020
  0.00 POWER_OFF_ON_HALT: 0 WAIT_FOR_POWER_BUTTON 0 power-on-reset 0
  0.00 EEPROM ID 0xef4018
  0.00 SFDP None
  0.00 part 00000000 reset_info 00000000
  0.00 uSD voltage 3.3V
  0.03 init_sdram_1350
  0.64 Initialising SDRAM rank 2 total-size: 8Gbit part: 0 (0x17 0x00) odt: 0
  0.64 memsys_init: 0 8Gbit MCB 0x80015ff0: 11696
  0.64 DDR 3200 Mbps dual-rank:1 byte-mode:0 size-gbit:8 part-config:0 odt:0
  1.06 SD_SB 11013100
  1.28 OTP boardrev d03115 bootrom 8b0 8b0
  1.28 Customer key hash 0000000000000000000000000000000000000000000000000000000000000000
  1.28 VC-JTAG unlocked


  2.10 RPi: BOOTLOADER release VERSION:0a7ef05f DATE: 2026/08/04 TIME: 12:38:13
  2.14 MFG_VER: 1
  2.14 BOOTMODE: 0x00 partition 0 build-ts BUILD_TIMESTAMP=1785847093 serial 1aa2bb31 boardrev d03115 stc 2140397
  2.14 EEPROM ID 0xef4018
  2.14 SFDP None
  2.14 PCI0 init
  2.14 PCI0 reset
  2.75 PCIe scan 00001106:00003483
  3.31 XHCI-STOP
  3.31 xHC0 ver: 256 HCS: 05000420 fc000031 00e70004 HCC: 002841eb
  3.31 USBSTS 1
  3.31 xHC0 ver: 256 HCS: 05000420 fc000031 00e70004 HCC: 002841eb
  3.31 xHC0 ports 5 slots 32 intrs 4
  4.54 SD_OC: 0
  4.44 Boot mode: SD (01) order f4
  4.44 USB2[1] 400202e1 connected
  4.51 USB2 root HUB port 1 init
  4.75 DEV [01:00] 2.16 000000:01 class 9 VID 2109 PID 3431
  4.75 HUB init [01:00] 2.16 000000:01
  5.85 SD HOST: 200000000 CTL0: 0x00000000 BUS: 400000 Hz actual: 390625 HZ div: 512 (256) status: 0x01130000 delay: 276
  5.86 SD HOST: 200000000 CTL0: 0x00000f00 BUS: 400000 Hz actual: 390625 HZ div: 512 (256) status: 0x01130000 delay: 276
  5.86 OCR c0ff8000 [2]
CID: 00005049564952544601123456780015
CSD: 400e005a05b5900001ff000002600000
  5.86 SD: bus-width: 4 spec: 2 SCR: 0x02050000 0x00000000
  5.86 SD HOST: 200000000 CTL0: 0x00000f04 BUS: 50000000 Hz actual: 50000000 HZ div: 4 (2) status: 0x01130000 delay: 2
  5.86 MBR: 0x00000800,  522240 type: 0x0c
  5.86 MBR: 0x00000000,       0 type: 0x00
  5.86 MBR: 0x00000000,       0 type: 0x00
  5.86 MBR: 0x00000000,       0 type: 0x00
  5.67 Trying partition: 0
  5.67 type: 32 lba: 2048 'MTOO4049' ' RPIBOOT    ' clusters 130044 (4)
  5.86 rsc 32 fat-sectors 1016 root dir cluster 2 sectors 0 entries 0
  5.86 FAT32 clusters 130044
  5.87 [sdcard] autoboot.txt not found
  5.87 Select partition rsts 0 C(boot_partition) 0 EEPROM config 0 result 1
  5.71 Trying partition: 1
  5.71 type: 32 lba: 2048 'MTOO4049' ' RPIBOOT    ' clusters 130044 (4)
  5.87 rsc 32 fat-sectors 1016 root dir cluster 2 sectors 0 entries 0
  5.87 FAT32 clusters 130044
  5.75 Read config.txt bytes      279 hnd 0x3
  5.87 [sdcard] pieeprom.upd not found
  5.87 [sdcard] recover4.elf not found
  5.87 [sdcard] recovery.elf not found
  5.88 Read start4.elf bytes  2298048 hnd 0x4
  5.89 Read fixup4.dat bytes     5512 hnd 0x467
  5.90 0x00d03115 0x00000000 0x00003fff
  5.90 MEM GPU: 76 ARM: 948 TOTAL: 1024
  6.33 Starting start4.elf @ 0xfec00200 partition 1
  6.03 XHCI-STOP
  6.03 xHC0 ver: 256 HCS: 05000420 fc000031 00e70004 HCC: 002841eb
  6.03 USBSTS 18
  6.03 PCI0 reset
  6.24 +

MESS:00:00:06.256078:0: arasan: arasan_emmc_open
MESS:00:00:06.256501:0: arasan: arasan_emmc_set_clock C0: 0x00000f02 C1: 0x00000047 emmc: 200000000 actual: 390625 div: 0x00000100 target: 400000 min: 400000 max: 400000 delay: 5
MESS:00:00:06.361812:0: arasan: arasan_emmc_set_clock C0: 0x00000f02 C1: 0x00000047 emmc: 200000000 actual: 390625 div: 0x00000100 target: 400000 min: 400000 max: 400000 delay: 5
MESS:00:00:06.362199:0: arasan: arasan_emmc_set_clock C0: 0x00000f02 C1: 0x00000047 emmc: 200000000 actual: 390625 div: 0x00000100 target: 400000 min: 390000 max: 400000 delay: 5
MESS:00:00:06.369991:0: boot-part: 0 fs-type: 0
MESS:00:00:06.370125:0: boot-part: 0 fs-type: 3
MESS:00:00:06.370527:0: arasan: arasan_emmc_set_clock C0: 0x00000f06 C1: 0x00000207 emmc: 200000000 actual: 50000000 div: 0x00000002 target: 50000000 min: 0 max: 50000000 delay: 1
MESS:00:00:06.542408:0: brfs: File read: /mfs/sd/config.txt
MESS:00:00:06.543578:0: board: boardrev d03115 otp d03115
MESS:00:00:06.543959:0: brfs: File read: 279 bytes
MESS:00:00:06.563101:0: brfs: File read: /mfs/sd/dt-blob.bin
MESS:00:00:06.644950:0: HDMI0:EDID error reading EDID block 0 attempt 0
MESS:00:00:06.646119:0: HDMI0:EDID giving up on reading EDID block 0
MESS:00:00:06.686875:0: HDMI1:EDID error reading EDID block 0 attempt 0
MESS:00:00:06.688038:0: HDMI1:EDID giving up on reading EDID block 0
MESS:00:00:06.688272:0: brfs: File read: 71582 bytes
MESS:00:00:06.688833:0: brfs: File read: /mfs/sd/config.txt
MESS:00:00:07.490210:0: gpioman: gpioman_get_pin_num: pin DISPLAY_DSI_PORT not defined
MESS:00:00:07.491368:0: gpioman: gpioman_get_pin_num: pin DISPLAY_DSI_PORT not defined
MESS:00:00:07.493389:0: *** Restart logging
MESS:00:00:07.493540:0: brfs: File read: 279 bytes
MESS:00:00:07.498927:0: hdmi: HDMI0:EDID error reading EDID block 0 attempt 0
MESS:00:00:07.500107:0: hdmi: HDMI0:EDID giving up on reading EDID block 0
MESS:00:00:07.505353:0: hdmi: HDMI0:EDID error reading EDID block 0 attempt 0
MESS:00:00:07.506531:0: hdmi: HDMI0:EDID giving up on reading EDID block 0
MESS:00:00:07.506707:0: hdmi: HDMI:hdmi_get_state is deprecated, use hdmi_get_display_state instead
MESS:00:00:07.511942:0: hdmi: HDMI1:EDID error reading EDID block 0 attempt 0
MESS:00:00:07.513117:0: hdmi: HDMI1:EDID giving up on reading EDID block 0
MESS:00:00:07.518367:0: hdmi: HDMI1:EDID error reading EDID block 0 attempt 0
MESS:00:00:07.519548:0: hdmi: HDMI1:EDID giving up on reading EDID block 0
MESS:00:00:07.519719:0: hdmi: HDMI:hdmi_get_state is deprecated, use hdmi_get_display_state instead
MESS:00:00:07.519880:0: HDMI0: hdmi_pixel_freq_limit: 300000000
MESS:00:00:07.520030:0: HDMI1: hdmi_pixel_freq_limit: 300000000
MESS:00:00:07.521116:0: No matching initramfs found (expected initramfs8) - auto_initramfs disabled
MESS:00:00:07.540450:0: dtb_file 'bcm2711-rpi-4-b.dtb'
MESS:00:00:07.555879:0: brfs: File read: /mfs/sd/bcm2711-rpi-4-b.dtb
MESS:00:00:07.556039:0: Loaded 'bcm2711-rpi-4-b.dtb' to 0x100 size 0xdc57
MESS:00:00:07.814702:0: brfs: File read: 56407 bytes
MESS:00:00:07.815098:0: brfs: File read: /mfs/sd/config.txt
MESS:00:00:07.815331:0: dtparam: spi=on
MESS:00:00:07.872683:0: dtparam: audio=off
MESS:00:00:07.901325:0: brfs: File read: 279 bytes
MESS:00:00:07.903578:0: brfs: File read: /mfs/sd/overlays/overlay_map.dtb
MESS:00:00:07.923722:0: brfs: File read: 6115 bytes
MESS:00:00:07.924700:0: brfs: File read: /mfs/sd/overlays/disable-bt.dtbo
MESS:00:00:08.031409:0: Loaded overlay 'disable-bt'
MESS:00:00:08.263443:0: brfs: File read: 1073 bytes
MESS:00:00:08.264039:0: brfs: File read: /mfs/sd/overlays/disable-wifi.dtbo
MESS:00:00:08.326578:0: Loaded overlay 'disable-wifi'
MESS:00:00:08.429009:0: brfs: File read: 387 bytes
MESS:00:00:08.430909:0: brfs: File read: /mfs/sd/overlays/vc4-kms-v3d-pi4.dtbo
MESS:00:00:08.877685:0: Loaded overlay 'vc4-kms-v3d-pi4'
MESS:00:00:10.075183:0: brfs: File read: 3913 bytes
MESS:00:00:10.075647:0: brfs: File read: /mfs/sd/cmdline.txt
MESS:00:00:10.075840:0: Read command line from file 'cmdline.txt':
MESS:00:00:10.075998:0: 'console=serial0,115200 console=tty1 root=/dev/mmcblk0p2 rootfstype=ext4 fsck.repair=yes rootwait'
MESS:00:00:10.935862:0: brfs: File read: 97 bytes
MESS:00:00:13.673155:0: brfs: File read: /mfs/sd/kernel8.img
MESS:00:00:13.673313:0: Loaded 'kernel8.img' to 0x200000 size 0x9fd5b1
MESS:00:00:21.556817:0: Device tree loaded to 0x2eff1e00 (size 0xe1b5)
MESS:00:00:21.559251:0: uart: Set PL011 baud rate to 103448.300000 Hz
MESS:00:00:21.559556:0: uart: Baud rate change done...
MESS:00:00:21.559692:0: uart: Baud rate change done...
MESS:00:00:21.562201:0: gpioman: gpioman_get_pin_num: pin SDCARD_CONTROL_POWER not defined
MESS:00:00:21.562493:0: Watchdog stopped
MESS:00:00:21.562630:0: arm_loader: Starting ARM with 948MB
entry      0x80000200
end        Stuck { pc: 0x3ec40014, silent_us: 60001488, retired: 68771584 }
final pc   0x3ec40014
retired    991730885  (skipped 0, cycles 991730888)
stub hits  97459   bus errors 0
wall       46.211159427s
core1      pc 0x3ec40164  retired 102  end None
regs      
  r0  00000000 00000000 fff84d08 04dc8626 3edfb030 3edf913c 3eed637c 3eed637c
  r8  3ee358dc 3eed637c 77777777 77777777 77777777 77777777 77777777 77777777
  r16 77777777 77777777 77777777 77777777 77777777 77777777 77777777 77777777
  r24 3ee02d20 3ee31e04 3ed65a98 00000000 3ee31a20 3ee358dc 00000008 00000000
console log /home/valtzu/src/rpi-virt-fw/boot.log.console (8215 bytes)

--- console (8215 bytes) ---
(streamed above; RVF_LIVE_CONSOLE=0 to buffer it here instead)

--- start4 boot-progress tags (0xcec02000) ---
  ____ -> _msh -> _osh -> bfsp -> _ush -> _icp -> _mih -> _oih -> drvb -> vcfd -> rtsi -> driv -> clkm -> sysm -> vcfw -> susp -> _uih -> _ini -> _mmh -> _omh -> txad -> schd -> fsys -> gpmn -> plat -> audi

--- last control transfers (newest first, repeats collapsed) ---
  0x3ec3ffea  ->  0x3ec3fff8
  0x3ec40016  ->  0x3ec3ffca
  0x3ec40cc6  ->  0x3ec40014
  0x3ec40caa  ->  0x3ec40cb8
  0x3ec40c7a  ->  0x3ec40c82
  0x3ec40c5c  ->  0x3ec40c70
  0x3ec40c44  ->  0x3ec40c58
  0x3ec40c2a  ->  0x3ec40c3c
  0x3ec40c18  ->  0x3ec40c24
  0x3ec40bc8  ->  0x3ec40bd6
  0x3ec40012  ->  0x3ec40b7c
  0x3ec3ffea  ->  0x3ec3fff8
  0x3ec40016  ->  0x3ec3ffca
  0x3ec3ffea  ->  0x3ec3fff8
  0x3ec3fa30  ->  0x3ec3ffca
  0x3ec3f9c2  ->  0x3ec3fa30
  0x3ec3f9a4  ->  0x3ec3f9b6
  0x3ec3ea3c  ->  0x3ec3f99e
  0x3ed658e4  ->  0x3ec3ea3c
  0x3ec5f362  ->  0x3ed658e4
  0x3ed65a9a  ->  0x3ec5f362
  0x3ed01a1c  ->  0x3ed65a98
  0x3ed65a96  ->  0x3ed01a14
  0x3ed3a12a  ->  0x3ed65a8e
  0x3ed65a8c  ->  0x3ed3a114
  0x3ed65b4a  ->  0x3ed65a84
  0x3ed65b40  ->  0x3ed65b34
  0x3ed65b26  ->  0x3ed65b36
  0x3ed7bb1a  ->  0x3ed65b0c
  0x3ed65b0a  ->  0x3ed7bb0a

--- peripheral-window stub: 917 distinct offsets (4096 accesses logged) ---
  0x7e00_9008  r=0     w=3     last=0x000000fc
  0x7e00_900c  r=0     w=3     last=0x00000000
  0x7e00_9010  r=0     w=3     last=0x00000008
  0x7e00_9014  r=0     w=3     last=0x00000000
  0x7e00_9018  r=0     w=3     last=0x00000032
  0x7e00_901c  r=0     w=3     last=0x00000004
  0x7e00_9040  r=0     w=1     last=0x00000080
  0x7e00_9044  r=0     w=1     last=0x00000080
  0x7e00_9048  r=0     w=3     last=0x00000080
  0x7e00_904c  r=0     w=1     last=0x00000080
  0x7e00_9050  r=0     w=1     last=0x00000080
  0x7e00_9068  r=0     w=3     last=0x00000000
  0x7e00_9800  r=0     w=2     last=0x00000001
  0x7e00_f100  r=0     w=1     last=0x00000200
  0x7e00_f110  r=0     w=1     last=0x00000002
  0x7e00_f118  r=2     w=2     last=0x00000003
  0x7e00_200000  r=110   w=16    last=0x00000000
  0x7e00_200004  r=21    w=18    last=0x00024000
  0x7e00_200008  r=60    w=2     last=0x12000000
  0x7e00_20000c  r=8     w=0     last=0x00000000
  0x7e00_200010  r=584   w=377   last=0x00000064
  0x7e00_200020  r=39    w=43    last=0x00000400
  0x7e00_20002c  r=0     w=5     last=0x00000400
  0x7e00_2000d0  r=2     w=2     last=0x00000001
  0x7e00_2000d4  r=0     w=9     last=0x00000000
  0x7e00_2000e4  r=30    w=30    last=0x40000005
  0x7e00_2000e8  r=4     w=4     last=0x19000000
  0x7e00_2000ec  r=71    w=71    last=0x55505550
  0x7e00_2000f0  r=10    w=10    last=0x000aaaaa
  0x7e00_202000  r=0     w=1     last=0x00000000
  0x7e00_202004  r=0     w=1     last=0x00000000
  0x7e00_202008  r=0     w=1     last=0x00f00000
  0x7e00_20200c  r=0     w=1     last=0x00000000
  0x7e00_202020  r=0     w=1     last=0x00000000
  0x7e00_202030  r=0     w=1     last=0x00000000
  0x7e00_202034  r=1     w=1     last=0x0000c600
  0x7e00_202038  r=2     w=3     last=0x0000050a
  0x7e00_20203c  r=0     w=1     last=0x00000000
  0x7e00_202050  r=0     w=1     last=0x00000000
  0x7e00_204e00  r=1     w=1     last=0x00800000
  0x7e00_208000  r=0     w=1     last=0x00000000
  0x7e00_209000  r=0     w=1     last=0x00000000
  0x7e00_401000  r=0     w=1     last=0x00000000
  0x7e00_401004  r=0     w=1     last=0x00000054
  0x7e00_401008  r=0     w=1     last=0x10000152
  0x7e00_40100c  r=0     w=1     last=0x00000097
  0x7e00_401010  r=0     w=1     last=0x200003ac
  0x7e00_401014  r=0     w=1     last=0x000000f6
  0x7e00_401018  r=0     w=1     last=0x30000783
  0x7e00_40101c  r=0     w=1     last=0x00000161
  0x7e00_401020  r=0     w=1     last=0x40000d06
  0x7e00_401024  r=0     w=1     last=0x000001d6
  0x7e00_401028  r=0     w=1     last=0x5000145f
  0x7e00_40102c  r=0     w=1     last=0x00000255
  0x7e00_401030  r=0     w=1     last=0x60001db3
  0x7e00_401034  r=0     w=1     last=0x000002dc
  0x7e00_401038  r=0     w=1     last=0x70002923
  0x7e00_40103c  r=0     w=1     last=0x0000036a
  0x7e00_401040  r=0     w=1     last=0x800036cb
  0x7e00_401044  r=0     w=1     last=0x00000400
  0x7e00_401048  r=0     w=1     last=0x900046ca
  0x7e00_40104c  r=0     w=1     last=0x0000049c
  0x7e00_401050  r=0     w=1     last=0xa0005938
  0x7e00_401054  r=0     w=1     last=0x0000053e
  0x7e00_401058  r=0     w=1     last=0xb0006e2e
  0x7e00_40105c  r=0     w=1     last=0x000005e5
  0x7e00_401060  r=0     w=1     last=0xc00085c4
  0x7e00_401064  r=0     w=1     last=0x00000693
  0x7e00_401068  r=0     w=1     last=0xd000a00f
  0x7e00_40106c  r=0     w=1     last=0x00000745
  0x7e00_401070  r=0     w=1     last=0xe000bd25
  0x7e00_401074  r=0     w=1     last=0x000007fd
  0x7e00_401078  r=0     w=1     last=0xf000dd19
  0x7e00_40107c  r=0     w=1     last=0x000008ba
  0x7e00_401080  r=0     w=1     last=0x00000000
  0x7e00_401084  r=0     w=1     last=0x00000054
  0x7e00_401088  r=0     w=1     last=0x10000152
  0x7e00_40108c  r=0     w=1     last=0x00000097
  0x7e00_401090  r=0     w=1     last=0x200003ac
  0x7e00_401094  r=0     w=1     last=0x000000f6
  0x7e00_401098  r=0     w=1     last=0x30000783
  0x7e00_40109c  r=0     w=1     last=0x00000161
  0x7e00_4010a0  r=0     w=1     last=0x40000d06
  0x7e00_4010a4  r=0     w=1     last=0x000001d6
  0x7e00_4010a8  r=0     w=1     last=0x5000145f
  0x7e00_4010ac  r=0     w=1     last=0x00000255
  0x7e00_4010b0  r=0     w=1     last=0x60001db3
  0x7e00_4010b4  r=0     w=1     last=0x000002dc
  0x7e00_4010b8  r=0     w=1     last=0x70002923
  0x7e00_4010bc  r=0     w=1     last=0x0000036a
  0x7e00_4010c0  r=0     w=1     last=0x800036cb
  0x7e00_4010c4  r=0     w=1     last=0x00000400
  0x7e00_4010c8  r=0     w=1     last=0x900046ca
  0x7e00_4010cc  r=0     w=1     last=0x0000049c
  0x7e00_4010d0  r=0     w=1     last=0xa0005938
  0x7e00_4010d4  r=0     w=1     last=0x0000053e
  0x7e00_4010d8  r=0     w=1     last=0xb0006e2e
  0x7e00_4010dc  r=0     w=1     last=0x000005e5
  0x7e00_4010e0  r=0     w=1     last=0xc00085c4
  0x7e00_4010e4  r=0     w=1     last=0x00000693
  0x7e00_4010e8  r=0     w=1     last=0xd000a00f
  0x7e00_4010ec  r=0     w=1     last=0x00000745
  0x7e00_4010f0  r=0     w=1     last=0xe000bd25
  0x7e00_4010f4  r=0     w=1     last=0x000007fd
  0x7e00_4010f8  r=0     w=1     last=0xf000dd19
  0x7e00_4010fc  r=0     w=1     last=0x000008ba
  0x7e00_401100  r=0     w=1     last=0x00000000
  0x7e00_401104  r=0     w=1     last=0x00000054
  0x7e00_401108  r=0     w=1     last=0x10000152
  0x7e00_40110c  r=0     w=1     last=0x00000097
  0x7e00_401110  r=0     w=1     last=0x200003ac
  0x7e00_401114  r=0     w=1     last=0x000000f6
  0x7e00_401118  r=0     w=1     last=0x30000783
  0x7e00_40111c  r=0     w=1     last=0x00000161
  0x7e00_401120  r=0     w=1     last=0x40000d06
  0x7e00_401124  r=0     w=1     last=0x000001d6
  0x7e00_401128  r=0     w=1     last=0x5000145f
  0x7e00_40112c  r=0     w=1     last=0x00000255
  0x7e00_401130  r=0     w=1     last=0x60001db3
  0x7e00_401134  r=0     w=1     last=0x000002dc
  0x7e00_401138  r=0     w=1     last=0x70002923
  0x7e00_40113c  r=0     w=1     last=0x0000036a
  0x7e00_401140  r=0     w=1     last=0x800036cb
  0x7e00_401144  r=0     w=1     last=0x00000400
  0x7e00_401148  r=0     w=1     last=0x900046ca
  0x7e00_40114c  r=0     w=1     last=0x0000049c
  0x7e00_401150  r=0     w=1     last=0xa0005938
  0x7e00_401154  r=0     w=1     last=0x0000053e
  0x7e00_401158  r=0     w=1     last=0xb0006e2e
  0x7e00_40115c  r=0     w=1     last=0x000005e5
  0x7e00_401160  r=0     w=1     last=0xc00085c4
  0x7e00_401164  r=0     w=1     last=0x00000693
  0x7e00_401168  r=0     w=1     last=0xd000a00f
  0x7e00_40116c  r=0     w=1     last=0x00000745
  0x7e00_401170  r=0     w=1     last=0xe000bd25
  0x7e00_401174  r=0     w=1     last=0x000007fd
  0x7e00_401178  r=0     w=1     last=0xf000dd19
  0x7e00_40117c  r=0     w=1     last=0x000008ba
  0x7e00_401180  r=0     w=1     last=0x00000000
  0x7e00_401184  r=0     w=1     last=0x00000100
  0x7e00_401188  r=0     w=1     last=0x10001000
  0x7e00_40118c  r=0     w=1     last=0x00000100
  0x7e00_401190  r=0     w=1     last=0x20002000
  0x7e00_401194  r=0     w=1     last=0x00000100
  0x7e00_401198  r=0     w=1     last=0x30003000
  0x7e00_40119c  r=0     w=1     last=0x00000100
  0x7e00_4011a0  r=0     w=1     last=0x40004000
  0x7e00_4011a4  r=0     w=1     last=0x00000100
  0x7e00_4011a8  r=0     w=1     last=0x50005000
  0x7e00_4011ac  r=0     w=1     last=0x00000100
  0x7e00_4011b0  r=0     w=1     last=0x60006000
  0x7e00_4011b4  r=0     w=1     last=0x00000100
  0x7e00_4011b8  r=0     w=1     last=0x70007000
  0x7e00_4011bc  r=0     w=1     last=0x00000100
  0x7e00_4011c0  r=0     w=1     last=0x80008000
  0x7e00_4011c4  r=0     w=1     last=0x00000100
  0x7e00_4011c8  r=0     w=1     last=0x90009000
  0x7e00_4011cc  r=0     w=1     last=0x00000100
  0x7e00_4011d0  r=0     w=1     last=0xa000a000
  0x7e00_4011d4  r=0     w=1     last=0x00000100
  0x7e00_4011d8  r=0     w=1     last=0xb000b000
  0x7e00_4011dc  r=0     w=1     last=0x00000100
  0x7e00_4011e0  r=0     w=1     last=0xc000c000
  0x7e00_4011e4  r=0     w=1     last=0x00000100
  0x7e00_4011e8  r=0     w=1     last=0xd000d000
  0x7e00_4011ec  r=0     w=1     last=0x00000100
  0x7e00_4011f0  r=0     w=1     last=0xe000e000
  0x7e00_4011f4  r=0     w=1     last=0x00000100
  0x7e00_4011f8  r=0     w=1     last=0xf000f000
  0x7e00_4011fc  r=0     w=1     last=0x00000100
  0x7e00_401200  r=0     w=1     last=0x00000000
  0x7e00_401204  r=0     w=1     last=0x00000054
  0x7e00_401208  r=0     w=1     last=0x10000152
  0x7e00_40120c  r=0     w=1     last=0x00000097
  0x7e00_401210  r=0     w=1     last=0x200003ac
  0x7e00_401214  r=0     w=1     last=0x000000f6
  0x7e00_401218  r=0     w=1     last=0x30000783
  0x7e00_40121c  r=0     w=1     last=0x00000161
  0x7e00_401220  r=0     w=1     last=0x40000d06
  0x7e00_401224  r=0     w=1     last=0x000001d6
  0x7e00_401228  r=0     w=1     last=0x5000145f
  0x7e00_40122c  r=0     w=1     last=0x00000255
  0x7e00_401230  r=0     w=1     last=0x60001db3
  0x7e00_401234  r=0     w=1     last=0x000002dc
  0x7e00_401238  r=0     w=1     last=0x70002923
  0x7e00_40123c  r=0     w=1     last=0x0000036a
  0x7e00_401240  r=0     w=1     last=0x800036cb
  0x7e00_401244  r=0     w=1     last=0x00000400
  0x7e00_401248  r=0     w=1     last=0x900046ca
  0x7e00_40124c  r=0     w=1     last=0x0000049c
  0x7e00_401250  r=0     w=1     last=0xa0005938
  0x7e00_401254  r=0     w=1     last=0x0000053e
  0x7e00_401258  r=0     w=1     last=0xb0006e2e
  0x7e00_40125c  r=0     w=1     last=0x000005e5
  0x7e00_401260  r=0     w=1     last=0xc00085c4
  0x7e00_401264  r=0     w=1     last=0x00000693
  0x7e00_401268  r=0     w=1     last=0xd000a00f
  0x7e00_40126c  r=0     w=1     last=0x00000745
  0x7e00_401270  r=0     w=1     last=0xe000bd25
  0x7e00_401274  r=0     w=1     last=0x000007fd
  0x7e00_401278  r=0     w=1     last=0xf000dd19
  0x7e00_40127c  r=0     w=1     last=0x000008ba
  0x7e00_401280  r=0     w=1     last=0x00000000
  0x7e00_401284  r=0     w=1     last=0x00000054
  0x7e00_401288  r=0     w=1     last=0x10000152
  0x7e00_40128c  r=0     w=1     last=0x00000097
  0x7e00_401290  r=0     w=1     last=0x200003ac
  0x7e00_401294  r=0     w=1     last=0x000000f6
  0x7e00_401298  r=0     w=1     last=0x30000783
  0x7e00_40129c  r=0     w=1     last=0x00000161
  0x7e00_4012a0  r=0     w=1     last=0x40000d06
  0x7e00_4012a4  r=0     w=1     last=0x000001d6
  0x7e00_4012a8  r=0     w=1     last=0x5000145f
  0x7e00_4012ac  r=0     w=1     last=0x00000255
  0x7e00_4012b0  r=0     w=1     last=0x60001db3
  0x7e00_4012b4  r=0     w=1     last=0x000002dc
  0x7e00_4012b8  r=0     w=1     last=0x70002923
  0x7e00_4012bc  r=0     w=1     last=0x0000036a
  0x7e00_4012c0  r=0     w=1     last=0x800036cb
  0x7e00_4012c4  r=0     w=1     last=0x00000400
  0x7e00_4012c8  r=0     w=1     last=0x900046ca
  0x7e00_4012cc  r=0     w=1     last=0x0000049c
  0x7e00_4012d0  r=0     w=1     last=0xa0005938
  0x7e00_4012d4  r=0     w=1     last=0x0000053e
  0x7e00_4012d8  r=0     w=1     last=0xb0006e2e
  0x7e00_4012dc  r=0     w=1     last=0x000005e5
  0x7e00_4012e0  r=0     w=1     last=0xc00085c4
  0x7e00_4012e4  r=0     w=1     last=0x00000693
  0x7e00_4012e8  r=0     w=1     last=0xd000a00f
  0x7e00_4012ec  r=0     w=1     last=0x00000745
  0x7e00_4012f0  r=0     w=1     last=0xe000bd25
  0x7e00_4012f4  r=0     w=1     last=0x000007fd
  0x7e00_4012f8  r=0     w=1     last=0xf000dd19
  0x7e00_4012fc  r=0     w=1     last=0x000008ba
  0x7e00_401300  r=0     w=1     last=0x00000000
  0x7e00_401304  r=0     w=1     last=0x00000054
  0x7e00_401308  r=0     w=1     last=0x10000152
  0x7e00_40130c  r=0     w=1     last=0x00000097
  0x7e00_401310  r=0     w=1     last=0x200003ac
  0x7e00_401314  r=0     w=1     last=0x000000f6
  0x7e00_401318  r=0     w=1     last=0x30000783
  0x7e00_40131c  r=0     w=1     last=0x00000161
  0x7e00_401320  r=0     w=1     last=0x40000d06
  0x7e00_401324  r=0     w=1     last=0x000001d6
  0x7e00_401328  r=0     w=1     last=0x5000145f
  0x7e00_40132c  r=0     w=1     last=0x00000255
  0x7e00_401330  r=0     w=1     last=0x60001db3
  0x7e00_401334  r=0     w=1     last=0x000002dc
  0x7e00_401338  r=0     w=1     last=0x70002923
  0x7e00_40133c  r=0     w=1     last=0x0000036a
  0x7e00_401340  r=0     w=1     last=0x800036cb
  0x7e00_401344  r=0     w=1     last=0x00000400
  0x7e00_401348  r=0     w=1     last=0x900046ca
  0x7e00_40134c  r=0     w=1     last=0x0000049c
  0x7e00_401350  r=0     w=1     last=0xa0005938
  0x7e00_401354  r=0     w=1     last=0x0000053e
  0x7e00_401358  r=0     w=1     last=0xb0006e2e
  0x7e00_40135c  r=0     w=1     last=0x000005e5
  0x7e00_401360  r=0     w=1     last=0xc00085c4
  0x7e00_401364  r=0     w=1     last=0x00000693
  0x7e00_401368  r=0     w=1     last=0xd000a00f
  0x7e00_40136c  r=0     w=1     last=0x00000745
  0x7e00_401370  r=0     w=1     last=0xe000bd25
  0x7e00_401374  r=0     w=1     last=0x000007fd
  0x7e00_401378  r=0     w=1     last=0xf000dd19
  0x7e00_40137c  r=0     w=1     last=0x000008ba
  0x7e00_401380  r=0     w=1     last=0x00000000
  0x7e00_401384  r=0     w=1     last=0x00000100
  0x7e00_401388  r=0     w=1     last=0x10001000
  0x7e00_40138c  r=0     w=1     last=0x00000100
  0x7e00_401390  r=0     w=1     last=0x20002000
  0x7e00_401394  r=0     w=1     last=0x00000100
  0x7e00_401398  r=0     w=1     last=0x30003000
  0x7e00_40139c  r=0     w=1     last=0x00000100
  0x7e00_4013a0  r=0     w=1     last=0x40004000
  0x7e00_4013a4  r=0     w=1     last=0x00000100
  0x7e00_4013a8  r=0     w=1     last=0x50005000
  0x7e00_4013ac  r=0     w=1     last=0x00000100
  0x7e00_4013b0  r=0     w=1     last=0x60006000
  0x7e00_4013b4  r=0     w=1     last=0x00000100
  0x7e00_4013b8  r=0     w=1     last=0x70007000
  0x7e00_4013bc  r=0     w=1     last=0x00000100
  0x7e00_4013c0  r=0     w=1     last=0x80008000
  0x7e00_4013c4  r=0     w=1     last=0x00000100
  0x7e00_4013c8  r=0     w=1     last=0x90009000
  0x7e00_4013cc  r=0     w=1     last=0x00000100
  0x7e00_4013d0  r=0     w=1     last=0xa000a000
  0x7e00_4013d4  r=0     w=1     last=0x00000100
  0x7e00_4013d8  r=0     w=1     last=0xb000b000
  0x7e00_4013dc  r=0     w=1     last=0x00000100
  0x7e00_4013e0  r=0     w=1     last=0xc000c000
  0x7e00_4013e4  r=0     w=1     last=0x00000100
  0x7e00_4013e8  r=0     w=1     last=0xd000d000
  0x7e00_4013ec  r=0     w=1     last=0x00000100
  0x7e00_4013f0  r=0     w=1     last=0xe000e000
  0x7e00_4013f4  r=0     w=1     last=0x00000100
  0x7e00_4013f8  r=0     w=1     last=0xf000f000
  0x7e00_4013fc  r=0     w=1     last=0x00000100
  0x7e00_401400  r=0     w=1     last=0x00000000
  0x7e00_401404  r=0     w=1     last=0x00000054
  0x7e00_401408  r=0     w=1     last=0x10000152
  0x7e00_40140c  r=0     w=1     last=0x00000097
  0x7e00_401410  r=0     w=1     last=0x200003ac
  0x7e00_401414  r=0     w=1     last=0x000000f6
  0x7e00_401418  r=0     w=1     last=0x30000783
  0x7e00_40141c  r=0     w=1     last=0x00000161
  0x7e00_401420  r=0     w=1     last=0x40000d06
  0x7e00_401424  r=0     w=1     last=0x000001d6
  0x7e00_401428  r=0     w=1     last=0x5000145f
  0x7e00_40142c  r=0     w=1     last=0x00000255
  0x7e00_401430  r=0     w=1     last=0x60001db3
  0x7e00_401434  r=0     w=1     last=0x000002dc
  0x7e00_401438  r=0     w=1     last=0x70002923
  0x7e00_40143c  r=0     w=1     last=0x0000036a
  0x7e00_401440  r=0     w=1     last=0x800036cb
  0x7e00_401444  r=0     w=1     last=0x00000400
  0x7e00_401448  r=0     w=1     last=0x900046ca
  0x7e00_40144c  r=0     w=1     last=0x0000049c
  0x7e00_401450  r=0     w=1     last=0xa0005938
  0x7e00_401454  r=0     w=1     last=0x0000053e
  0x7e00_401458  r=0     w=1     last=0xb0006e2e
  0x7e00_40145c  r=0     w=1     last=0x000005e5
  0x7e00_401460  r=0     w=1     last=0xc00085c4
  0x7e00_401464  r=0     w=1     last=0x00000693
  0x7e00_401468  r=0     w=1     last=0xd000a00f
  0x7e00_40146c  r=0     w=1     last=0x00000745
  0x7e00_401470  r=0     w=1     last=0xe000bd25
  0x7e00_401474  r=0     w=1     last=0x000007fd
  0x7e00_401478  r=0     w=1     last=0xf000dd19
  0x7e00_40147c  r=0     w=1     last=0x000008ba
  0x7e00_401480  r=0     w=1     last=0x00000000
  0x7e00_401484  r=0     w=1     last=0x00000054
  0x7e00_401488  r=0     w=1     last=0x10000152
  0x7e00_40148c  r=0     w=1     last=0x00000097
  0x7e00_401490  r=0     w=1     last=0x200003ac
  0x7e00_401494  r=0     w=1     last=0x000000f6
  0x7e00_401498  r=0     w=1     last=0x30000783
  0x7e00_40149c  r=0     w=1     last=0x00000161
  0x7e00_4014a0  r=0     w=1     last=0x40000d06
  0x7e00_4014a4  r=0     w=1     last=0x000001d6
  0x7e00_4014a8  r=0     w=1     last=0x5000145f
  0x7e00_4014ac  r=0     w=1     last=0x00000255
  0x7e00_4014b0  r=0     w=1     last=0x60001db3
  0x7e00_4014b4  r=0     w=1     last=0x000002dc
  0x7e00_4014b8  r=0     w=1     last=0x70002923
  0x7e00_4014bc  r=0     w=1     last=0x0000036a
  0x7e00_4014c0  r=0     w=1     last=0x800036cb
  0x7e00_4014c4  r=0     w=1     last=0x00000400
  0x7e00_4014c8  r=0     w=1     last=0x900046ca
  0x7e00_4014cc  r=0     w=1     last=0x0000049c
  0x7e00_4014d0  r=0     w=1     last=0xa0005938
  0x7e00_4014d4  r=0     w=1     last=0x0000053e
  0x7e00_4014d8  r=0     w=1     last=0xb0006e2e
  0x7e00_4014dc  r=0     w=1     last=0x000005e5
  0x7e00_4014e0  r=0     w=1     last=0xc00085c4
  0x7e00_4014e4  r=0     w=1     last=0x00000693
  0x7e00_4014e8  r=0     w=1     last=0xd000a00f
  0x7e00_4014ec  r=0     w=1     last=0x00000745
  0x7e00_4014f0  r=0     w=1     last=0xe000bd25
  0x7e00_4014f4  r=0     w=1     last=0x000007fd
  0x7e00_4014f8  r=0     w=1     last=0xf000dd19
  0x7e00_4014fc  r=0     w=1     last=0x000008ba
  0x7e00_401500  r=0     w=1     last=0x00000000
  0x7e00_401504  r=0     w=1     last=0x00000054
  0x7e00_401508  r=0     w=1     last=0x10000152
  0x7e00_40150c  r=0     w=1     last=0x00000097
  0x7e00_401510  r=0     w=1     last=0x200003ac
  0x7e00_401514  r=0     w=1     last=0x000000f6
  0x7e00_401518  r=0     w=1     last=0x30000783
  0x7e00_40151c  r=0     w=1     last=0x00000161
  0x7e00_401520  r=0     w=1     last=0x40000d06
  0x7e00_401524  r=0     w=1     last=0x000001d6
  0x7e00_401528  r=0     w=1     last=0x5000145f
  0x7e00_40152c  r=0     w=1     last=0x00000255
  0x7e00_401530  r=0     w=1     last=0x60001db3
  0x7e00_401534  r=0     w=1     last=0x000002dc
  0x7e00_401538  r=0     w=1     last=0x70002923
  0x7e00_40153c  r=0     w=1     last=0x0000036a
  0x7e00_401540  r=0     w=1     last=0x800036cb
  0x7e00_401544  r=0     w=1     last=0x00000400
  0x7e00_401548  r=0     w=1     last=0x900046ca
  0x7e00_40154c  r=0     w=1     last=0x0000049c
  0x7e00_401550  r=0     w=1     last=0xa0005938
  0x7e00_401554  r=0     w=1     last=0x0000053e
  0x7e00_401558  r=0     w=1     last=0xb0006e2e
  0x7e00_40155c  r=0     w=1     last=0x000005e5
  0x7e00_401560  r=0     w=1     last=0xc00085c4
  0x7e00_401564  r=0     w=1     last=0x00000693
  0x7e00_401568  r=0     w=1     last=0xd000a00f
  0x7e00_40156c  r=0     w=1     last=0x00000745
  0x7e00_401570  r=0     w=1     last=0xe000bd25
  0x7e00_401574  r=0     w=1     last=0x000007fd
  0x7e00_401578  r=0     w=1     last=0xf000dd19
  0x7e00_40157c  r=0     w=1     last=0x000008ba
  0x7e00_401580  r=0     w=1     last=0x00000000
  0x7e00_401584  r=0     w=1     last=0x00000100
  0x7e00_401588  r=0     w=1     last=0x10001000
  0x7e00_40158c  r=0     w=1     last=0x00000100
  0x7e00_401590  r=0     w=1     last=0x20002000
  0x7e00_401594  r=0     w=1     last=0x00000100
  0x7e00_401598  r=0     w=1     last=0x30003000
  0x7e00_40159c  r=0     w=1     last=0x00000100
  0x7e00_4015a0  r=0     w=1     last=0x40004000
  0x7e00_4015a4  r=0     w=1     last=0x00000100
  0x7e00_4015a8  r=0     w=1     last=0x50005000
  0x7e00_4015ac  r=0     w=1     last=0x00000100
  0x7e00_4015b0  r=0     w=1     last=0x60006000
  0x7e00_4015b4  r=0     w=1     last=0x00000100
  0x7e00_4015b8  r=0     w=1     last=0x70007000
  0x7e00_4015bc  r=0     w=1     last=0x00000100
  0x7e00_4015c0  r=0     w=1     last=0x80008000
  0x7e00_4015c4  r=0     w=1     last=0x00000100
  0x7e00_4015c8  r=0     w=1     last=0x90009000
  0x7e00_4015cc  r=0     w=1     last=0x00000100
  0x7e00_4015d0  r=0     w=1     last=0xa000a000
  0x7e00_4015d4  r=0     w=1     last=0x00000100
  0x7e00_4015d8  r=0     w=1     last=0xb000b000
  0x7e00_4015dc  r=0     w=1     last=0x00000100
  0x7e00_4015e0  r=0     w=1     last=0xc000c000
  0x7e00_4015e4  r=0     w=1     last=0x00000100
  0x7e00_4015e8  r=0     w=1     last=0xd000d000
  0x7e00_4015ec  r=0     w=1     last=0x00000100
  0x7e00_4015f0  r=0     w=1     last=0xe000e000
  0x7e00_4015f4  r=0     w=1     last=0x00000100
  0x7e00_4015f8  r=0     w=1     last=0xf000f000
  0x7e00_4015fc  r=0     w=1     last=0x00000100
  0x7e00_401600  r=0     w=1     last=0x00000000
  0x7e00_401604  r=0     w=1     last=0x00000100
  0x7e00_401608  r=0     w=1     last=0x10001000
  0x7e00_40160c  r=0     w=1     last=0x00000100
  0x7e00_401610  r=0     w=1     last=0x20002000
  0x7e00_401614  r=0     w=1     last=0x00000100
  0x7e00_401618  r=0     w=1     last=0x30003000
  0x7e00_40161c  r=0     w=1     last=0x00000100
  0x7e00_401620  r=0     w=1     last=0x40004000
  0x7e00_401624  r=0     w=1     last=0x00000100
  0x7e00_401628  r=0     w=1     last=0x50005000
  0x7e00_40162c  r=0     w=1     last=0x00000100
  0x7e00_401630  r=0     w=1     last=0x60006000
  0x7e00_401634  r=0     w=1     last=0x00000100
  0x7e00_401638  r=0     w=1     last=0x70007000
  0x7e00_40163c  r=0     w=1     last=0x00000100
  0x7e00_401640  r=0     w=1     last=0x80008000
  0x7e00_401644  r=0     w=1     last=0x00000100
  0x7e00_401648  r=0     w=1     last=0x90009000
  0x7e00_40164c  r=0     w=1     last=0x00000100
  0x7e00_401650  r=0     w=1     last=0xa000a000
  0x7e00_401654  r=0     w=1     last=0x00000100
  0x7e00_401658  r=0     w=1     last=0xb000b000
  0x7e00_40165c  r=0     w=1     last=0x00000100
  0x7e00_401660  r=0     w=1     last=0xc000c000
  0x7e00_401664  r=0     w=1     last=0x00000100
  0x7e00_401668  r=0     w=1     last=0xd000d000
  0x7e00_40166c  r=0     w=1     last=0x00000100
  0x7e00_401670  r=0     w=1     last=0xe000e000
  0x7e00_401674  r=0     w=1     last=0x00000100
  0x7e00_401678  r=0     w=1     last=0xf000f000
  0x7e00_40167c  r=0     w=1     last=0x00000100
  0x7e00_401680  r=0     w=1     last=0x00000000
  0x7e00_401684  r=0     w=1     last=0x00000100
  0x7e00_401688  r=0     w=1     last=0x10001000
  0x7e00_40168c  r=0     w=1     last=0x00000100
  0x7e00_401690  r=0     w=1     last=0x20002000
  0x7e00_401694  r=0     w=1     last=0x00000100
  0x7e00_401698  r=0     w=1     last=0x30003000
  0x7e00_40169c  r=0     w=1     last=0x00000100
  0x7e00_4016a0  r=0     w=1     last=0x40004000
  0x7e00_4016a4  r=0     w=1     last=0x00000100
  0x7e00_4016a8  r=0     w=1     last=0x50005000
  0x7e00_4016ac  r=0     w=1     last=0x00000100
  0x7e00_4016b0  r=0     w=1     last=0x60006000
  0x7e00_4016b4  r=0     w=1     last=0x00000100
  0x7e00_4016b8  r=0     w=1     last=0x70007000
  0x7e00_4016bc  r=0     w=1     last=0x00000100
  0x7e00_4016c0  r=0     w=1     last=0x80008000
  0x7e00_4016c4  r=0     w=1     last=0x00000100
  0x7e00_4016c8  r=0     w=1     last=0x90009000
  0x7e00_4016cc  r=0     w=1     last=0x00000100
  0x7e00_4016d0  r=0     w=1     last=0xa000a000
  0x7e00_4016d4  r=0     w=1     last=0x00000100
  0x7e00_4016d8  r=0     w=1     last=0xb000b000
  0x7e00_4016dc  r=0     w=1     last=0x00000100
  0x7e00_4016e0  r=0     w=1     last=0xc000c000
  0x7e00_4016e4  r=0     w=1     last=0x00000100
  0x7e00_4016e8  r=0     w=1     last=0xd000d000
  0x7e00_4016ec  r=0     w=1     last=0x00000100
  0x7e00_4016f0  r=0     w=1     last=0xe000e000
  0x7e00_4016f4  r=0     w=1     last=0x00000100
  0x7e00_4016f8  r=0     w=1     last=0xf000f000
  0x7e00_4016fc  r=0     w=1     last=0x00000100
  0x7e00_401700  r=0     w=1     last=0x00000000
  0x7e00_401704  r=0     w=1     last=0x00000100
  0x7e00_401708  r=0     w=1     last=0x10001000
  0x7e00_40170c  r=0     w=1     last=0x00000100
  0x7e00_401710  r=0     w=1     last=0x20002000
  0x7e00_401714  r=0     w=1     last=0x00000100
  0x7e00_401718  r=0     w=1     last=0x30003000
  0x7e00_40171c  r=0     w=1     last=0x00000100
  0x7e00_401720  r=0     w=1     last=0x40004000
  0x7e00_401724  r=0     w=1     last=0x00000100
  0x7e00_401728  r=0     w=1     last=0x50005000
  0x7e00_40172c  r=0     w=1     last=0x00000100
  0x7e00_401730  r=0     w=1     last=0x60006000
  0x7e00_401734  r=0     w=1     last=0x00000100
  0x7e00_401738  r=0     w=1     last=0x70007000
  0x7e00_40173c  r=0     w=1     last=0x00000100
  0x7e00_401740  r=0     w=1     last=0x80008000
  0x7e00_401744  r=0     w=1     last=0x00000100
  0x7e00_401748  r=0     w=1     last=0x90009000
  0x7e00_40174c  r=0     w=1     last=0x00000100
  0x7e00_401750  r=0     w=1     last=0xa000a000
  0x7e00_401754  r=0     w=1     last=0x00000100
  0x7e00_401758  r=0     w=1     last=0xb000b000
  0x7e00_40175c  r=0     w=1     last=0x00000100
  0x7e00_401760  r=0     w=1     last=0xc000c000
  0x7e00_401764  r=0     w=1     last=0x00000100
  0x7e00_401768  r=0     w=1     last=0xd000d000
  0x7e00_40176c  r=0     w=1     last=0x00000100
  0x7e00_401770  r=0     w=1     last=0xe000e000
  0x7e00_401774  r=0     w=1     last=0x00000100
  0x7e00_401778  r=0     w=1     last=0xf000f000
  0x7e00_40177c  r=0     w=1     last=0x00000100
  0x7e00_401780  r=0     w=1     last=0x00000000
  0x7e00_401784  r=0     w=1     last=0x00000100
  0x7e00_401788  r=0     w=1     last=0x10001000
  0x7e00_40178c  r=0     w=1     last=0x00000100
  0x7e00_401790  r=0     w=1     last=0x20002000
  0x7e00_401794  r=0     w=1     last=0x00000100
  0x7e00_401798  r=0     w=1     last=0x30003000
  0x7e00_40179c  r=0     w=1     last=0x00000100
  0x7e00_4017a0  r=0     w=1     last=0x40004000
  0x7e00_4017a4  r=0     w=1     last=0x00000100
  0x7e00_4017a8  r=0     w=1     last=0x50005000
  0x7e00_4017ac  r=0     w=1     last=0x00000100
  0x7e00_4017b0  r=0     w=1     last=0x60006000
  0x7e00_4017b4  r=0     w=1     last=0x00000100
  0x7e00_4017b8  r=0     w=1     last=0x70007000
  0x7e00_4017bc  r=0     w=1     last=0x00000100
  0x7e00_4017c0  r=0     w=1     last=0x80008000
  0x7e00_4017c4  r=0     w=1     last=0x00000100
  0x7e00_4017c8  r=0     w=1     last=0x90009000
  0x7e00_4017cc  r=0     w=1     last=0x00000100
  0x7e00_4017d0  r=0     w=1     last=0xa000a000
  0x7e00_4017d4  r=0     w=1     last=0x00000100
  0x7e00_4017d8  r=0     w=1     last=0xb000b000
  0x7e00_4017dc  r=0     w=1     last=0x00000100
  0x7e00_4017e0  r=0     w=1     last=0xc000c000
  0x7e00_4017e4  r=0     w=1     last=0x00000100
  0x7e00_4017e8  r=0     w=1     last=0xd000d000
  0x7e00_4017ec  r=0     w=1     last=0x00000100
  0x7e00_4017f0  r=0     w=1     last=0xe000e000
  0x7e00_4017f4  r=0     w=1     last=0x00000100
  0x7e00_4017f8  r=0     w=1     last=0xf000f000
  0x7e00_4017fc  r=0     w=1     last=0x00000100
  0x7e00_402000  r=0     w=1     last=0x00000000
  0x7e00_402004  r=0     w=1     last=0x00000c23
  0x7e00_402008  r=0     w=1     last=0x01500fee
  0x7e00_40200c  r=0     w=1     last=0x000006d7
  0x7e00_402010  r=0     w=1     last=0x03a01fbf
  0x7e00_402014  r=0     w=1     last=0x0000042f
  0x7e00_402018  r=0     w=1     last=0x07802ff6
  0x7e00_40201c  r=0     w=1     last=0x000002e8
  0x7e00_402020  r=0     w=1     last=0x0d003ff0
  0x7e00_402024  r=0     w=1     last=0x0000022e
  0x7e00_402028  r=0     w=1     last=0x14504fe2
  0x7e00_40202c  r=0     w=1     last=0x000001b8
  0x7e00_402030  r=0     w=1     last=0x1db05ffb
  0x7e00_402034  r=0     w=1     last=0x00000166
  0x7e00_402038  r=0     w=1     last=0x29206ffd
  0x7e00_40203c  r=0     w=1     last=0x0000012c
  0x7e00_402040  r=0     w=1     last=0x36c07ff4
  0x7e00_402044  r=0     w=1     last=0x00000100
  0x7e00_402048  r=0     w=1     last=0x46c08ff7
  0x7e00_40204c  r=0     w=1     last=0x000000de
  0x7e00_402050  r=0     w=1     last=0x59309ffa
  0x7e00_402054  r=0     w=1     last=0x000000c3
  0x7e00_402058  r=0     w=1     last=0x6e20aff6
  0x7e00_40205c  r=0     w=1     last=0x000000ae
  0x7e00_402060  r=0     w=1     last=0x85c0bffd
  0x7e00_402064  r=0     w=1     last=0x0000009c
  0x7e00_402068  r=0     w=1     last=0xa000cff7
  0x7e00_40206c  r=0     w=1     last=0x0000008d
  0x7e00_402070  r=0     w=1     last=0xbd20dffd
  0x7e00_402074  r=0     w=1     last=0x00000080
  0x7e00_402078  r=0     w=1     last=0xdd10effb
  0x7e00_40207c  r=0     w=1     last=0x00000075
  0x7e00_402080  r=0     w=1     last=0x00000000
  0x7e00_402084  r=0     w=1     last=0x00000c23
  0x7e00_402088  r=0     w=1     last=0x01500fee
  0x7e00_40208c  r=0     w=1     last=0x000006d7
  0x7e00_402090  r=0     w=1     last=0x03a01fbf
  0x7e00_402094  r=0     w=1     last=0x0000042f
  0x7e00_402098  r=0     w=1     last=0x07802ff6
  0x7e00_40209c  r=0     w=1     last=0x000002e8
  0x7e00_4020a0  r=0     w=1     last=0x0d003ff0
  0x7e00_4020a4  r=0     w=1     last=0x0000022e
  0x7e00_4020a8  r=0     w=1     last=0x14504fe2
  0x7e00_4020ac  r=0     w=1     last=0x000001b8
  0x7e00_4020b0  r=0     w=1     last=0x1db05ffb
  0x7e00_4020b4  r=0     w=1     last=0x00000166
  0x7e00_4020b8  r=0     w=1     last=0x29206ffd
  0x7e00_4020bc  r=0     w=1     last=0x0000012c
  0x7e00_4020c0  r=0     w=1     last=0x36c07ff4
  0x7e00_4020c4  r=0     w=1     last=0x00000100
  0x7e00_4020c8  r=0     w=1     last=0x46c08ff7
  0x7e00_4020cc  r=0     w=1     last=0x000000de
  0x7e00_4020d0  r=0     w=1     last=0x59309ffa
  0x7e00_4020d4  r=0     w=1     last=0x000000c3
  0x7e00_4020d8  r=0     w=1     last=0x6e20aff6
  0x7e00_4020dc  r=0     w=1     last=0x000000ae
  0x7e00_4020e0  r=0     w=1     last=0x85c0bffd
  0x7e00_4020e4  r=0     w=1     last=0x0000009c
  0x7e00_4020e8  r=0     w=1     last=0xa000cff7
  0x7e00_4020ec  r=0     w=1     last=0x0000008d
  0x7e00_4020f0  r=0     w=1     last=0xbd20dffd
  0x7e00_4020f4  r=0     w=1     last=0x00000080
  0x7e00_4020f8  r=0     w=1     last=0xdd10effb
  0x7e00_4020fc  r=0     w=1     last=0x00000075
  0x7e00_402100  r=0     w=1     last=0x00000000
  0x7e00_402104  r=0     w=1     last=0x00000c23
  0x7e00_402108  r=0     w=1     last=0x01500fee
  0x7e00_40210c  r=0     w=1     last=0x000006d7
  0x7e00_402110  r=0     w=1     last=0x03a01fbf
  0x7e00_402114  r=0     w=1     last=0x0000042f
  0x7e00_402118  r=0     w=1     last=0x07802ff6
  0x7e00_40211c  r=0     w=1     last=0x000002e8
  0x7e00_402120  r=0     w=1     last=0x0d003ff0
  0x7e00_402124  r=0     w=1     last=0x0000022e
  0x7e00_402128  r=0     w=1     last=0x14504fe2
  0x7e00_40212c  r=0     w=1     last=0x000001b8
  0x7e00_402130  r=0     w=1     last=0x1db05ffb
  0x7e00_402134  r=0     w=1     last=0x00000166
  0x7e00_402138  r=0     w=1     last=0x29206ffd
  0x7e00_40213c  r=0     w=1     last=0x0000012c
  0x7e00_402140  r=0     w=1     last=0x36c07ff4
  0x7e00_402144  r=0     w=1     last=0x00000100
  0x7e00_402148  r=0     w=1     last=0x46c08ff7
  0x7e00_40214c  r=0     w=1     last=0x000000de
  0x7e00_402150  r=0     w=1     last=0x59309ffa
  0x7e00_402154  r=0     w=1     last=0x000000c3
  0x7e00_402158  r=0     w=1     last=0x6e20aff6
  0x7e00_40215c  r=0     w=1     last=0x000000ae
  0x7e00_402160  r=0     w=1     last=0x85c0bffd
  0x7e00_402164  r=0     w=1     last=0x0000009c
  0x7e00_402168  r=0     w=1     last=0xa000cff7
  0x7e00_40216c  r=0     w=1     last=0x0000008d
  0x7e00_402170  r=0     w=1     last=0xbd20dffd
  0x7e00_402174  r=0     w=1     last=0x00000080
  0x7e00_402178  r=0     w=1     last=0xdd10effb
  0x7e00_40217c  r=0     w=1     last=0x00000075
  0x7e00_402400  r=0     w=1     last=0x00000000
  0x7e00_402404  r=0     w=1     last=0x00000c23
  0x7e00_402408  r=0     w=1     last=0x01500fee
  0x7e00_40240c  r=0     w=1     last=0x000006d7
  0x7e00_402410  r=0     w=1     last=0x03a01fbf
  0x7e00_402414  r=0     w=1     last=0x0000042f
  0x7e00_402418  r=0     w=1     last=0x07802ff6
  0x7e00_40241c  r=0     w=1     last=0x000002e8
  0x7e00_402420  r=0     w=1     last=0x0d003ff0
  0x7e00_402424  r=0     w=1     last=0x0000022e
  0x7e00_402428  r=0     w=1     last=0x14504fe2
  0x7e00_40242c  r=0     w=1     last=0x000001b8
  0x7e00_402430  r=0     w=1     last=0x1db05ffb
  0x7e00_402434  r=0     w=1     last=0x00000166
  0x7e00_402438  r=0     w=1     last=0x29206ffd
  0x7e00_40243c  r=0     w=1     last=0x0000012c
  0x7e00_402440  r=0     w=1     last=0x36c07ff4
  0x7e00_402444  r=0     w=1     last=0x00000100
  0x7e00_402448  r=0     w=1     last=0x46c08ff7
  0x7e00_40244c  r=0     w=1     last=0x000000de
  0x7e00_402450  r=0     w=1     last=0x59309ffa
  0x7e00_402454  r=0     w=1     last=0x000000c3
  0x7e00_402458  r=0     w=1     last=0x6e20aff6
  0x7e00_40245c  r=0     w=1     last=0x000000ae
  0x7e00_402460  r=0     w=1     last=0x85c0bffd
  0x7e00_402464  r=0     w=1     last=0x0000009c
  0x7e00_402468  r=0     w=1     last=0xa000cff7
  0x7e00_40246c  r=0     w=1     last=0x0000008d
  0x7e00_402470  r=0     w=1     last=0xbd20dffd
  0x7e00_402474  r=0     w=1     last=0x00000080
  0x7e00_402478  r=0     w=1     last=0xdd10effb
  0x7e00_40247c  r=0     w=1     last=0x00000075
  0x7e00_402480  r=0     w=1     last=0x00000000
  0x7e00_402484  r=0     w=1     last=0x00000c23
  0x7e00_402488  r=0     w=1     last=0x01500fee
  0x7e00_40248c  r=0     w=1     last=0x000006d7
  0x7e00_402490  r=0     w=1     last=0x03a01fbf
  0x7e00_402494  r=0     w=1     last=0x0000042f
  0x7e00_402498  r=0     w=1     last=0x07802ff6
  0x7e00_40249c  r=0     w=1     last=0x000002e8
  0x7e00_4024a0  r=0     w=1     last=0x0d003ff0
  0x7e00_4024a4  r=0     w=1     last=0x0000022e
  0x7e00_4024a8  r=0     w=1     last=0x14504fe2
  0x7e00_4024ac  r=0     w=1     last=0x000001b8
  0x7e00_4024b0  r=0     w=1     last=0x1db05ffb
  0x7e00_4024b4  r=0     w=1     last=0x00000166
  0x7e00_4024b8  r=0     w=1     last=0x29206ffd
  0x7e00_4024bc  r=0     w=1     last=0x0000012c
  0x7e00_4024c0  r=0     w=1     last=0x36c07ff4
  0x7e00_4024c4  r=0     w=1     last=0x00000100
  0x7e00_4024c8  r=0     w=1     last=0x46c08ff7
  0x7e00_4024cc  r=0     w=1     last=0x000000de
  0x7e00_4024d0  r=0     w=1     last=0x59309ffa
  0x7e00_4024d4  r=0     w=1     last=0x000000c3
  0x7e00_4024d8  r=0     w=1     last=0x6e20aff6
  0x7e00_4024dc  r=0     w=1     last=0x000000ae
  0x7e00_4024e0  r=0     w=1     last=0x85c0bffd
  0x7e00_4024e4  r=0     w=1     last=0x0000009c
  0x7e00_4024e8  r=0     w=1     last=0xa000cff7
  0x7e00_4024ec  r=0     w=1     last=0x0000008d
  0x7e00_4024f0  r=0     w=1     last=0xbd20dffd
  0x7e00_4024f4  r=0     w=1     last=0x00000080
  0x7e00_4024f8  r=0     w=1     last=0xdd10effb
  0x7e00_4024fc  r=0     w=1     last=0x00000075
  0x7e00_402500  r=0     w=1     last=0x00000000
  0x7e00_402504  r=0     w=1     last=0x00000c23
  0x7e00_402508  r=0     w=1     last=0x01500fee
  0x7e00_40250c  r=0     w=1     last=0x000006d7
  0x7e00_402510  r=0     w=1     last=0x03a01fbf
  0x7e00_402514  r=0     w=1     last=0x0000042f
  0x7e00_402518  r=0     w=1     last=0x07802ff6
  0x7e00_40251c  r=0     w=1     last=0x000002e8
  0x7e00_402520  r=0     w=1     last=0x0d003ff0
  0x7e00_402524  r=0     w=1     last=0x0000022e
  0x7e00_402528  r=0     w=1     last=0x14504fe2
  0x7e00_40252c  r=0     w=1     last=0x000001b8
  0x7e00_402530  r=0     w=1     last=0x1db05ffb
  0x7e00_402534  r=0     w=1     last=0x00000166
  0x7e00_402538  r=0     w=1     last=0x29206ffd
  0x7e00_40253c  r=0     w=1     last=0x0000012c
  0x7e00_402540  r=0     w=1     last=0x36c07ff4
  0x7e00_402544  r=0     w=1     last=0x00000100
  0x7e00_402548  r=0     w=1     last=0x46c08ff7
  0x7e00_40254c  r=0     w=1     last=0x000000de
  0x7e00_402550  r=0     w=1     last=0x59309ffa
  0x7e00_402554  r=0     w=1     last=0x000000c3
  0x7e00_402558  r=0     w=1     last=0x6e20aff6
  0x7e00_40255c  r=0     w=1     last=0x000000ae
  0x7e00_402560  r=0     w=1     last=0x85c0bffd
  0x7e00_402564  r=0     w=1     last=0x0000009c
  0x7e00_402568  r=0     w=1     last=0xa000cff7
  0x7e00_40256c  r=0     w=1     last=0x0000008d
  0x7e00_402570  r=0     w=1     last=0xbd20dffd
  0x7e00_402574  r=0     w=1     last=0x00000080
  0x7e00_402578  r=0     w=1     last=0xdd10effb
  0x7e00_40257c  r=0     w=1     last=0x00000075
  0x7e00_402800  r=0     w=1     last=0x00000000
  0x7e00_402804  r=0     w=1     last=0x00000c23
  0x7e00_402808  r=0     w=1     last=0x01500fee
  0x7e00_40280c  r=0     w=1     last=0x000006d7
  0x7e00_402810  r=0     w=1     last=0x03a01fbf
  0x7e00_402814  r=0     w=1     last=0x0000042f
  0x7e00_402818  r=0     w=1     last=0x07802ff6
  0x7e00_40281c  r=0     w=1     last=0x000002e8
  0x7e00_402820  r=0     w=1     last=0x0d003ff0
  0x7e00_402824  r=0     w=1     last=0x0000022e
  0x7e00_402828  r=0     w=1     last=0x14504fe2
  0x7e00_40282c  r=0     w=1     last=0x000001b8
  0x7e00_402830  r=0     w=1     last=0x1db05ffb
  0x7e00_402834  r=0     w=1     last=0x00000166
  0x7e00_402838  r=0     w=1     last=0x29206ffd
  0x7e00_40283c  r=0     w=1     last=0x0000012c
  0x7e00_402840  r=0     w=1     last=0x36c07ff4
  0x7e00_402844  r=0     w=1     last=0x00000100
  0x7e00_402848  r=0     w=1     last=0x46c08ff7
  0x7e00_40284c  r=0     w=1     last=0x000000de
  0x7e00_402850  r=0     w=1     last=0x59309ffa
  0x7e00_402854  r=0     w=1     last=0x000000c3
  0x7e00_402858  r=0     w=1     last=0x6e20aff6
  0x7e00_40285c  r=0     w=1     last=0x000000ae
  0x7e00_402860  r=0     w=1     last=0x85c0bffd
  0x7e00_402864  r=0     w=1     last=0x0000009c
  0x7e00_402868  r=0     w=1     last=0xa000cff7
  0x7e00_40286c  r=0     w=1     last=0x0000008d
  0x7e00_402870  r=0     w=1     last=0xbd20dffd
  0x7e00_402874  r=0     w=1     last=0x00000080
  0x7e00_402878  r=0     w=1     last=0xdd10effb
  0x7e00_40287c  r=0     w=1     last=0x00000075
  0x7e00_402880  r=0     w=1     last=0x00000000
  0x7e00_402884  r=0     w=1     last=0x00000c23
  0x7e00_402888  r=0     w=1     last=0x01500fee
  0x7e00_40288c  r=0     w=1     last=0x000006d7
  0x7e00_402890  r=0     w=1     last=0x03a01fbf
  0x7e00_402894  r=0     w=1     last=0x0000042f
  0x7e00_402898  r=0     w=1     last=0x07802ff6
  0x7e00_40289c  r=0     w=1     last=0x000002e8
  0x7e00_4028a0  r=0     w=1     last=0x0d003ff0
  0x7e00_4028a4  r=0     w=1     last=0x0000022e
  0x7e00_4028a8  r=0     w=1     last=0x14504fe2
  0x7e00_4028ac  r=0     w=1     last=0x000001b8
  0x7e00_4028b0  r=0     w=1     last=0x1db05ffb
  0x7e00_4028b4  r=0     w=1     last=0x00000166
  0x7e00_4028b8  r=0     w=1     last=0x29206ffd
  0x7e00_4028bc  r=0     w=1     last=0x0000012c
  0x7e00_4028c0  r=0     w=1     last=0x36c07ff4
  0x7e00_4028c4  r=0     w=1     last=0x00000100
  0x7e00_4028c8  r=0     w=1     last=0x46c08ff7
  0x7e00_4028cc  r=0     w=1     last=0x000000de
  0x7e00_4028d0  r=0     w=1     last=0x59309ffa
  0x7e00_4028d4  r=0     w=1     last=0x000000c3
  0x7e00_4028d8  r=0     w=1     last=0x6e20aff6
  0x7e00_4028dc  r=0     w=1     last=0x000000ae
  0x7e00_4028e0  r=0     w=1     last=0x85c0bffd
  0x7e00_4028e4  r=0     w=1     last=0x0000009c
  0x7e00_4028e8  r=0     w=1     last=0xa000cff7
  0x7e00_4028ec  r=0     w=1     last=0x0000008d
  0x7e00_4028f0  r=0     w=1     last=0xbd20dffd
  0x7e00_4028f4  r=0     w=1     last=0x00000080
  0x7e00_4028f8  r=0     w=1     last=0xdd10effb
  0x7e00_4028fc  r=0     w=1     last=0x00000075
  0x7e00_402900  r=0     w=1     last=0x00000000
  0x7e00_402904  r=0     w=1     last=0x00000c23
  0x7e00_402908  r=0     w=1     last=0x01500fee
  0x7e00_40290c  r=0     w=1     last=0x000006d7
  0x7e00_402910  r=0     w=1     last=0x03a01fbf
  0x7e00_402914  r=0     w=1     last=0x0000042f
  0x7e00_402918  r=0     w=1     last=0x07802ff6
  0x7e00_40291c  r=0     w=1     last=0x000002e8
  0x7e00_402920  r=0     w=1     last=0x0d003ff0
  0x7e00_402924  r=0     w=1     last=0x0000022e
  0x7e00_402928  r=0     w=1     last=0x14504fe2
  0x7e00_40292c  r=0     w=1     last=0x000001b8
  0x7e00_402930  r=0     w=1     last=0x1db05ffb
  0x7e00_402934  r=0     w=1     last=0x00000166
  0x7e00_402938  r=0     w=1     last=0x29206ffd
  0x7e00_40293c  r=0     w=1     last=0x0000012c
  0x7e00_402940  r=0     w=1     last=0x36c07ff4
  0x7e00_402944  r=0     w=1     last=0x00000100
  0x7e00_402948  r=0     w=1     last=0x46c08ff7
  0x7e00_40294c  r=0     w=1     last=0x000000de
  0x7e00_402950  r=0     w=1     last=0x59309ffa
  0x7e00_402954  r=0     w=1     last=0x000000c3
  0x7e00_402958  r=0     w=1     last=0x6e20aff6
  0x7e00_40295c  r=0     w=1     last=0x000000ae
  0x7e00_402960  r=0     w=1     last=0x85c0bffd
  0x7e00_402964  r=0     w=1     last=0x0000009c
  0x7e00_402968  r=0     w=1     last=0xa000cff7
  0x7e00_40296c  r=0     w=1     last=0x0000008d
  0x7e00_402970  r=0     w=1     last=0xbd20dffd
  0x7e00_402974  r=0     w=1     last=0x00000080
  0x7e00_402978  r=0     w=1     last=0xdd10effb
  0x7e00_40297c  r=0     w=1     last=0x00000075
  0x7e00_402980  r=0     w=1     last=0x00000000
  0x7e00_402984  r=0     w=1     last=0x00000100
  0x7e00_402988  r=0     w=1     last=0x01500150
  0x7e00_40298c  r=0     w=1     last=0x00000100
  0x7e00_402990  r=0     w=1     last=0x03a003a0
  0x7e00_402994  r=0     w=1     last=0x00000100
  0x7e00_402998  r=0     w=1     last=0x07800780
  0x7e00_40299c  r=0     w=1     last=0x00000100
  0x7e00_4029a0  r=0     w=1     last=0x0d000d00
  0x7e00_4029a4  r=0     w=1     last=0x00000100
  0x7e00_4029a8  r=0     w=1     last=0x14501450
  0x7e00_4029ac  r=0     w=1     last=0x00000100
  0x7e00_4029b0  r=0     w=1     last=0x1db01db0
  0x7e00_4029b4  r=0     w=1     last=0x00000100
  0x7e00_4029b8  r=0     w=1     last=0x29202920
  0x7e00_4029bc  r=0     w=1     last=0x00000100
  0x7e00_4029c0  r=0     w=1     last=0x36c036c0
  0x7e00_4029c4  r=0     w=1     last=0x00000100
  0x7e00_4029c8  r=0     w=1     last=0x46c046c0
  0x7e00_4029cc  r=0     w=1     last=0x00000100
  0x7e00_4029d0  r=0     w=1     last=0x59305930
  0x7e00_4029d4  r=0     w=1     last=0x00000100
  0x7e00_4029d8  r=0     w=1     last=0x6e206e20
  0x7e00_4029dc  r=0     w=1     last=0x00000100
  0x7e00_4029e0  r=0     w=1     last=0x85c085c0
  0x7e00_4029e4  r=0     w=1     last=0x00000100
  0x7e00_4029e8  r=0     w=1     last=0xa000a000
  0x7e00_4029ec  r=0     w=1     last=0x00000100
  0x7e00_4029f0  r=0     w=1     last=0xbd20bd20
  0x7e00_4029f4  r=0     w=1     last=0x00000100
  0x7e00_4029f8  r=0     w=1     last=0xdd10dd10
  0x7e00_4029fc  r=0     w=1     last=0x00000100
  0x7e00_404000  r=0     w=1     last=0x80000000
  0x7e00_404004  r=0     w=1     last=0x00000000
  0x7e00_404008  r=0     w=1     last=0x00000000
  0x7e00_40400c  r=0     w=1     last=0x00000000
  0x7e00_404010  r=0     w=1     last=0x80000000
  0x7e00_404cd0  r=0     w=1     last=0x80000000
  0x7e00_405990  r=0     w=1     last=0x80000000
  0x7e00_406650  r=0     w=1     last=0x80000000
  0x7e00_407310  r=0     w=1     last=0x80000000
  0x7e00_407fd0  r=0     w=1     last=0x07ebfc00
  0x7e00_407fd4  r=0     w=1     last=0x07e3edf8
  0x7e00_407fd8  r=0     w=1     last=0x004805fd
  0x7e00_407fdc  r=0     w=1     last=0x01dca432
  0x7e00_407fe0  r=0     w=1     last=0x0355769b
  0x7e00_407fe4  r=0     w=1     last=0x0001c6e3
  0x7e00_407fe8  r=0     w=1     last=0x0355769b
  0x7e00_407fec  r=0     w=1     last=0x01dca432
  0x7e00_407ff0  r=0     w=1     last=0x004805fd
  0x7e00_407ff4  r=0     w=1     last=0x07e3edf8
  0x7e00_407ff8  r=0     w=1     last=0x07ebfc00
  0x7e00_500220  r=43    w=2     last=0x00000200
  0x7e00_700000  r=0     w=1     last=0x00000000
  0x7e00_803008  r=2     w=0     last=0x00000000
  0x7e00_c11004  r=1     w=1     last=0x00000000
  0x7e00_c11010  r=1     w=1     last=0x00000000
  0x7e00_c11014  r=1     w=1     last=0x00000000
  0x7e00_e04000  r=0     w=1     last=0x00000080
  0x7e00_e04004  r=0     w=1     last=0x00000080
  0x7e00_e0607c  r=1     w=0     last=0x00000000
  0x7e00_e07060  r=1     w=0     last=0x00000000
  0x7e00_e08000  r=0     w=2     last=0x00000001
  0x7e00_e08040  r=244   w=246   last=0x4000000d
  0x7e00_e08044  r=123   w=0     last=0x00000000
  0x7e00_e08048  r=123   w=0     last=0x00000000
  0x7e00_e0804c  r=123   w=0     last=0x00000000
  0x7e00_e08050  r=123   w=0     last=0x00000000
  0x7e00_e08054  r=123   w=0     last=0x00000000
  0x7e00_e08058  r=122   w=0     last=0x00000000
  0x7e00_e0805c  r=122   w=0     last=0x00000000
  0x7e00_e08060  r=122   w=0     last=0x00000000
  0x7e00_e08064  r=122   w=0     last=0x00000000
  0x7e00_f008a8  r=5     w=0     last=0x00000000
  0x7e00_f058a8  r=5     w=0     last=0x00000000

--- sdram controller (0x7e00_1000) ---
  refresh interval 658 -> 1562 -> 3124  (269 mode-register reads)

--- ARM property mailbox (0x7e00_b880) ---
  posting 0xd0000008  (2 tags, 164 byte buffer at 0x10000000)
  resumed: 11075582 instructions over 501.1ms, ended TimeLimit at 0x3ecc4478
  mailbox: config1 0x1, 1 requests taken, 1 replies written
  reply 0xd0000008
  response code 0x80000001 (parse error)
  tag 0x00000001     answered    4 bytes  0x6a7a16af
  tag 0x00030090     answered    4 bytes  0x80000000

--- device tree handed to the ARM ---
  at 0x2eff1e00  totalsize 0xe1b5  version 17
  330 nodes, 1780 properties
  /chosen/user-warnings          "No matching initramfs found (expected initramfs8) - auto_initramfs disabled"
  /chosen/rng-seed               75833f14fd7a7b6e8f97bf2528998d3e7c20b338624a2dcb1251462e2007e868e6578a69fd4da64dd1512c071adcd02f534023bea7230013bdcbedf9f035d353
  /chosen/kaslr-seed             <0xb30753f5 0x41810021>
  /chosen/rpi-min-boot-ver       <0x00000000>
  /chosen/rpi-sdram-size-gbit    <0x00000040>
  /chosen/os_prefix              00
  /chosen/overlay_prefix         "overlays/"
  /chosen/rpi-machine-id         "2928640898f6b5035da98885da0ac498"
  /chosen/rpi-boardrev-ext       <0x00000000>
  /chosen/rpi-serial64           "fa1e00231aa2bb31"
  /chosen/log                    <0x3ff80000 0x0007ffe0>
  /chosen/stdout-path            "serial0:115200n8"
  /chosen/bootargs               "coherent_pool=1M 8250.nr_uarts=1 snd_bcm2835.enable_headphones=0 cgroup_disable=memory numa_policy=interleave nvme.max_host_mem_size_mb=32 snd_bcm2835.enable_headphones=0 snd_bcm2835.enable_hdmi=0 snd_bcm2835.enable_hdmi=0  numa=fake=2 system_heap.max_order=0 iommu_dma_numa_policy=interleave smsc95xx.macaddr=00:00:02:00:5E:00 vc_mem.mem_base=0x3ec00000 vc_mem.mem_size=0x40000000  console=ttyAMA0,115200 console=tty1 root=/dev/mmcblk0p2 rootfstype=ext4 fsck.repair=yes rootwait"
  /chosen/phandle                <0x00000054>
  (--print-fdt for every node, --dump-fdt <path> for the blob)

--- rpi-machine-id derivation (#22) ---
  SHA-256(otp[28]=0x1aa2bb31 | otp[35]=0xfa1e0023 | otp[30]=0x00d03115 | otp[64]=0x5e005301 | otp[65]=0x00000200)[..16]
  2928640898f6b5035da98885da0ac498  (same as published)
