  4.62 pieeprom.sig
  4.62 hash: 22893ba92f1987a53244e91b466642ac66da27631d7c97c31e3fc65578a597f6
  4.62 ts: 1788704430
  4.90 SELF-UPDATE timestamp current 1788704430 new 1788704430 skip
  4.69 [ramdisk] recover4.elf not found
  4.69 [ramdisk] recovery.elf not found
  4.23 Read start4.elf bytes  2298048 hnd 0x2
  4.24 Read fixup4.dat bytes     5512 hnd 0x465
  4.28 0x00d03115 0x00000000 0x00003fff
  4.32 MEM GPU: 76 ARM: 948 TOTAL: 1024
  4.69 Starting start4.elf @ 0xfec00200 partition 0
  4.77 XHCI-STOP
  4.77 xHC0 ver: 256 HCS: 05000420 fc000031 00e70004 HCC: 002841eb
  4.77 USBSTS 18
  4.78 PCI0 reset
  4.79 +

MESS:00:00:04.805631:0: brfs: File read: /mfs/sd/config.txt
MESS:00:00:04.808664:0: board: boardrev d03115 otp d03115
MESS:00:00:04.813293:0: brfs: File read: 850 bytes
MESS:00:00:04.841087:0: HDMI0:EDID error reading EDID block 0 attempt 0
MESS:00:00:04.845592:0: HDMI0:EDID giving up on reading EDID block 0
MESS:00:00:04.863459:0: HDMI1:EDID error reading EDID block 0 attempt 0
MESS:00:00:04.867968:0: HDMI1:EDID giving up on reading EDID block 0
MESS:00:00:04.873226:0: brfs: File read: /mfs/sd/config.txt
MESS:00:00:05.371387:0: gpioman: gpioman_get_pin_num: pin DISPLAY_DSI_PORT not defined
MESS:00:00:05.376940:0: gpioman: gpioman_get_pin_num: pin DISPLAY_DSI_PORT not defined
MESS:00:00:05.385963:0: *** Restart logging
MESS:00:00:05.387750:0: brfs: File read: 850 bytes
MESS:00:00:05.397364:0: hdmi: HDMI0:EDID error reading EDID block 0 attempt 0
MESS:00:00:05.402388:0: hdmi: HDMI0:EDID giving up on reading EDID block 0
MESS:00:00:05.413008:0: hdmi: HDMI0:EDID error reading EDID block 0 attempt 0
MESS:00:00:05.418039:0: hdmi: HDMI0:EDID giving up on reading EDID block 0
MESS:00:00:05.430497:0: hdmi: HDMI1:EDID error reading EDID block 0 attempt 0
MESS:00:00:05.435523:0: hdmi: HDMI1:EDID giving up on reading EDID block 0
MESS:00:00:05.446163:0: hdmi: HDMI1:EDID error reading EDID block 0 attempt 0
MESS:00:00:05.451244:0: hdmi: HDMI1:EDID giving up on reading EDID block 0
MESS:00:00:05.456842:0: hdmi: HDMI:hdmi_get_state is deprecated, use hdmi_get_display_state instead
MESS:00:00:05.465599:0: HDMI0: hdmi_pixel_freq_limit: 300000000
MESS:00:00:05.471245:0: HDMI1: hdmi_pixel_freq_limit: 300000000
MESS:00:00:05.487578:0: dtb_file 'bcm2711-rpi-4-b.dtb'
MESS:00:00:05.490497:0: brfs: File read: /mfs/sd/bcm2711-rpi-4-b.dtb
MESS:00:00:05.495736:0: Loaded 'bcm2711-rpi-4-b.dtb' to 0x3e0000 size 0xdc57
MESS:00:00:05.614465:0: brfs: File read: 56407 bytes
MESS:00:00:05.616525:0: brfs: File read: /mfs/sd/config.txt
MESS:00:00:05.622086:0: dtparam: sd_poll_once=true
MESS:00:00:05.653671:0: dtparam: audio=off
MESS:00:00:05.665067:0: dtparam: hdmi=off
MESS:00:00:05.708692:0: dtparam: watchdog=on
MESS:00:00:05.733269:0: brfs: File read: 850 bytes
MESS:00:00:05.735344:0: brfs: File read: /mfs/sd/overlays/overlay_map.dtb
MESS:00:00:05.748550:0: brfs: File read: 6115 bytes
MESS:00:00:05.750563:0: brfs: File read: /mfs/sd/overlays/disable-bt.dtbo
MESS:00:00:05.794850:0: Loaded overlay 'disable-bt'
MESS:00:00:05.881188:0: brfs: File read: 1073 bytes
