  0.52 RPi: BOOTSYS release VERSION:224877da DATE: 2026/05/17 TIME: 20:13:18
  0.53 MFG_VER: 1
  0.53 BOOTMODE: 0x06 partition 0 build-ts BUILD_TIMESTAMP=1779045198 serial 69738888 boardrev d03115 stc 532714
  0.54 PM_RSTS 00000020
  0.54 POWER_OFF_ON_HALT: 0 WAIT_FOR_POWER_BUTTON 0 power-on-reset 0
  0.55 EEPROM ID 0xef3013
  0.55 SFDP None
  0.56 part 00000000 reset_info 00000000
  0.56 uSD voltage 3.3V
  0.57 init_sdram_1350
  0.60 Initialising SDRAM rank 2 total-size: 64Gbit part: 0 (0x14 0x00) odt: 0
  0.61 memsys_init: 0 64Gbit MCB 0x80015ff0: 11696
  0.61 DDR 3200 Mbps dual-rank:1 byte-mode:0 size-gbit:64 part-config:0 odt:0
  2.08 SD_SB 11013130
  2.26 OTP boardrev d03115 bootrom 8b0 8b0
  2.26 Customer key hash 0000000000000000000000000000000000000000000000000000000000000000
  2.27 VC-JTAG unlocked


  2.57 RPi: BOOTLOADER release VERSION:224877da DATE: 2026/05/17 TIME: 20:13:18
  2.60 MFG_VER: 1
  2.60 BOOTMODE: 0x06 partition 0 build-ts BUILD_TIMESTAMP=1779045198 serial 69738888 boardrev d03115 stc 2601892
  2.61 EEPROM ID 0xef3013
  2.61 SFDP None
  2.62 PCI0 init
  2.62 PCI0 reset
  2.79 PCIe scan 00001106:00003483
  2.90 XHCI-STOP
  2.90 xHC0 ver: 256 HCS: 05000420 fc000031 00e70004 HCC: 002841eb
  2.90 USBSTS 1
  2.90 xHC0 ver: 256 HCS: 05000420 fc000031 00e70004 HCC: 002841eb
  2.91 xHC0 ports 5 slots 32 intrs 4
  2.97 SD_OC: 0
  2.82 Boot mode: SD (01) order f4
  2.85 USB2[1] 400202e1 connected
  3.00 USB2 root HUB port 1 init
  3.00 DEV [01:00] 2.16 000000:01 class 9 VID 2109 PID 3431
  3.00 HUB init [01:00] 2.16 000000:01
  3.91 SD HOST: 200000000 CTL0: 0x00800000 BUS: 400000 Hz actual: 390625 HZ div: 512 (256) status: 0x1fff0000 delay: 276
  3.92 SD HOST: 200000000 CTL0: 0x00800f00 BUS: 400000 Hz actual: 390625 HZ div: 512 (256) status: 0x1fff0000 delay: 276
  3.99 OCR c0ff8000 [79]
CID: 009f544953443332476162e0188c0149
CSD: 400e00325b590000e9277f800a400000
  4.00 SD: bus-width: 4 spec: 2 SCR: 0x02858082 0x00000000
  4.01 SD HOST: 200000000 CTL0: 0x00800f04 BUS: 50000000 Hz actual: 50000000 HZ div: 4 (2) status: 0x1fff0000 delay: 2
  4.02 MBR: 0x00004000, 1048576 type: 0x0c
  4.02 MBR: 0x00104000,60055552 type: 0x83
  4.02 MBR: 0x00000000,       0 type: 0x00
  4.03 MBR: 0x00000000,       0 type: 0x00
  4.35 Trying partition: 0
  4.38 type: 32 lba: 16384 'mkfs.fat' ' bootfs     ' clusters 261116 (4)
  4.04 rsc 32 fat-sectors 2040 root dir cluster 2 sectors 0 entries 0
  4.05 FAT32 clusters 261116
  4.05 [sdcard] autoboot.txt not found
  4.05 Select partition rsts 0 C(boot_partition) 0 EEPROM config 0 result 1
  4.65 Trying partition: 1
  4.67 type: 32 lba: 16384 'mkfs.fat' ' bootfs     ' clusters 261115 (4)
  4.07 rsc 32 fat-sectors 2040 root dir cluster 2 sectors 0 entries 0
  4.08 FAT32 clusters 261115
  4.85 Read config.txt bytes     1292 hnd 0x27f
  4.08 [sdcard] pieeprom.upd not found
  4.09 [sdcard] recover4.elf not found
  4.09 [sdcard] recovery.elf not found
  4.01 Read start4db.elf bytes  3804392 hnd 0x5bbd
  4.05 Read fixup4db.dat bytes     8494 hnd 0x25c
  4.07 0x00d03115 0x00000000 0x00003fff
  4.10 MEM GPU: 76 ARM: 948 TOTAL: 1024
  4.22 Firmware: 288930ab4712b99596f32732664aaaeb881ef1e0 May 21 2026 11:20:52
  4.81 Starting start4db.elf @ 0xfec00200 partition 1
  4.48 XHCI-STOP
  4.48 xHC0 ver: 256 HCS: 05000420 fc000031 00e70004 HCC: 002841eb
  4.49 USBSTS 18
  4.49 PCI0 reset
  4.50 +

MESS:00:00:04.521820:0: arasan: arasan_emmc_open
MESS:00:00:04.523479:0: arasan: arasan_emmc_set_clock C0: 0x00800000 C1: 0x000e0047 emmc: 200000000 actual: 390625 div: 0x00000100 target: 400000 min: 400000 max: 400000 delay: 5
MESS:00:00:04.643736:0: arasan: arasan_emmc_set_clock C0: 0x00800000 C1: 0x000e0047 emmc: 200000000 actual: 390625 div: 0x00000100 target: 400000 min: 400000 max: 400000 delay: 5
MESS:00:00:04.656606:0: arasan: arasan_emmc_set_clock C0: 0x00800f00 C1: 0x000e0047 emmc: 200000000 actual: 390625 div: 0x00000100 target: 400000 min: 390000 max: 400000 delay: 5
MESS:00:00:04.690684:0: boot-part: 1 fs-type: 0
MESS:00:00:04.692097:0: boot-part: 1 fs-type: 3
MESS:00:00:04.696480:0: arasan: arasan_emmc_set_clock C0: 0x00800f06 C1: 0x000e0207 emmc: 200000000 actual: 50000000 div: 0x00000002 target: 50000000 min: 0 max: 50000000 delay: 1
MESS:00:00:04.717292:0: brfs: File read: /mfs/sd/config.txt
MESS:00:00:04.720417:0: board: boardrev d03115 otp d03115
MESS:00:00:04.724971:0: brfs: File read: 1292 bytes
MESS:00:00:04.752068:0: HDMI0:EDID error reading EDID block 0 attempt 0
MESS:00:00:04.756572:0: HDMI0:EDID giving up on reading EDID block 0
MESS:00:00:04.773890:0: HDMI1:EDID error reading EDID block 0 attempt 0
MESS:00:00:04.778397:0: HDMI1:EDID giving up on reading EDID block 0
MESS:00:00:04.785117:0: brfs: File read: /mfs/sd/config.txt
MESS:00:00:05.559252:0: gpioman: gpioman_get_pin_num: pin DISPLAY_DSI_PORT not defined
MESS:00:00:05.564817:0: gpioman: gpioman_get_pin_num: pin DISPLAY_DSI_PORT not defined
MESS:00:00:05.573956:0: *** Restart logging
MESS:00:00:05.575617:0: brfs: File read: 1292 bytes
MESS:00:00:05.585751:0: hdmi: HDMI0:EDID error reading EDID block 0 attempt 0
MESS:00:00:05.590782:0: hdmi: HDMI0:EDID giving up on reading EDID block 0
MESS:00:00:05.601406:0: hdmi: HDMI0:EDID error reading EDID block 0 attempt 0
MESS:00:00:05.606428:0: hdmi: HDMI0:EDID giving up on reading EDID block 0
MESS:00:00:05.612027:0: hdmi: HDMI:hdmi_get_state is deprecated, use hdmi_get_display_state instead
MESS:00:00:05.625818:0: hdmi: HDMI1:EDID error reading EDID block 0 attempt 0
MESS:00:00:05.630843:0: hdmi: HDMI1:EDID giving up on reading EDID block 0
MESS:00:00:05.641465:0: hdmi: HDMI1:EDID error reading EDID block 0 attempt 0
MESS:00:00:05.646495:0: hdmi: HDMI1:EDID giving up on reading EDID block 0
MESS:00:00:05.652093:0: hdmi: HDMI:hdmi_get_state is deprecated, use hdmi_get_display_state instead
MESS:00:00:05.660858:0: HDMI0: hdmi_pixel_freq_limit: 300000000
MESS:00:00:05.666499:0: HDMI1: hdmi_pixel_freq_limit: 300000000
MESS:00:00:06.683834:0: brfs: File read: /mfs/sd/initramfs8
MESS:00:00:06.686299:0: Loaded 'initramfs8' to 0x0 size 0xb6cd2d
MESS:00:00:06.701618:0: initramfs (initramfs8) loaded to 0x2e493000 (size 0xb6cd2d)
MESS:00:00:06.715611:0: dtb_file 'bcm2711-rpi-4-b.dtb'
MESS:00:00:06.717644:0: brfs: File read: 11980077 bytes
MESS:00:00:06.729063:0: brfs: File read: /mfs/sd/bcm2711-rpi-4-b.dtb
MESS:00:00:06.732305:0: Loaded 'bcm2711-rpi-4-b.dtb' to 0x100 size 0xdc31
MESS:00:00:06.752688:0: brfs: File read: 56369 bytes
MESS:00:00:06.770947:0: brfs: File read: /mfs/sd/overlays/overlay_map.dtb
MESS:00:00:06.802698:0: brfs: File read: 5971 bytes
MESS:00:00:06.807098:0: brfs: File read: /mfs/sd/config.txt
MESS:00:00:06.809862:0: dtparam: spi=on
MESS:00:00:06.821605:0: dtparam: audio=off
MESS:00:00:06.827916:0: brfs: File read: 1292 bytes
MESS:00:00:06.854292:0: brfs: File read: /mfs/sd/overlays/vc4-kms-v3d-pi4.dtbo
MESS:00:00:06.921306:0: Loaded overlay 'vc4-kms-v3d-pi4'
MESS:00:00:07.093453:0: brfs: File read: 3913 bytes
MESS:00:00:07.097350:0: brfs: File read: /mfs/sd/cmdline.txt
MESS:00:00:07.100625:0: Read command line from file 'cmdline.txt':
MESS:00:00:07.106501:0: 'console=serial0,115200 console=tty1 root=PARTUUID=dd9aa4ca-02 rootfstype=ext4 fsck.repair=yes rootwait'
MESS:00:00:07.241874:0: brfs: File read: 102 bytes
MESS:00:00:08.088903:0: brfs: File read: /mfs/sd/kernel8.img
MESS:00:00:08.091462:0: Loaded 'kernel8.img' to 0x200000 size 0x988f1c
MESS:00:00:09.511611:0: Device tree loaded to 0x2e484e00 (size 0xe1bd)
MESS:00:00:09.518116:0: uart: Set PL011 baud rate to 103448.300000 Hz
MESS:00:00:09.524359:0: uart: Baud rate change done...
MESS:00:00:09.526382:0:[    0.000000] Booting Linux on physical CPU 0x0000000000 [0x410fd083]
