  0.52 RPi: BOOTSYS release VERSION:224877da DATE: 2026/05/17 TIME: 20:13:18
  0.53 MFG_VER: 1
  0.53 BOOTMODE: 0x06 partition 0 build-ts BUILD_TIMESTAMP=1779045198 serial 69738888 boardrev d03115 stc 533119
  0.54 PM_RSTS 00000020
  0.54 POWER_OFF_ON_HALT: 0 WAIT_FOR_POWER_BUTTON 0 power-on-reset 0
  0.55 EEPROM ID 0xef3013
  0.55 SFDP None
  0.56 part 00000000 reset_info 00000000
  0.56 uSD voltage 3.3V
  0.57 init_sdram_1350
  0.60 Initialising SDRAM rank 2 total-size: 64Gbit part: 0 (0x14 0x00) odt: 0
  0.61 memsys_init: 0 64Gbit MCB 0x80015ff0: 11696
  0.61 DDR 3200 Mbps dual-rank:1 byte-mode:0 size-gbit:64 part-config:0 odt:0
  2.09 SD_SB 11013130
  2.26 OTP boardrev d03115 bootrom 8b0 8b0
  2.27 Customer key hash 0000000000000000000000000000000000000000000000000000000000000000
  2.27 VC-JTAG unlocked


  2.57 RPi: BOOTLOADER release VERSION:224877da DATE: 2026/05/17 TIME: 20:13:18
  2.60 MFG_VER: 1
  2.60 BOOTMODE: 0x06 partition 0 build-ts BUILD_TIMESTAMP=1779045198 serial 69738888 boardrev d03115 stc 2603054
  2.61 EEPROM ID 0xef3013
  2.61 SFDP None
  2.62 PCI0 init
  2.62 PCI0 reset
  2.79 PCIe scan 00001106:00003483
  2.90 XHCI-STOP
  2.90 xHC0 ver: 256 HCS: 05000420 fc000031 00e70004 HCC: 002841eb
  2.90 USBSTS 1
  2.90 xHC0 ver: 256 HCS: 05000420 fc000031 00e70004 HCC: 002841eb
  2.91 xHC0 ports 5 slots 32 intrs 4
  2.98 SD_OC: 0
  2.83 Boot mode: SD (01) order f4
  2.86 USB2[1] 400202e1 connected
  3.01 USB2 root HUB port 1 init
  3.00 DEV [01:00] 2.16 000000:01 class 9 VID 2109 PID 3431
  3.00 HUB init [01:00] 2.16 000000:01
  3.91 SD HOST: 200000000 CTL0: 0x00800000 BUS: 400000 Hz actual: 390625 HZ div: 512 (256) status: 0x1fff0000 delay: 276
  3.92 SD HOST: 200000000 CTL0: 0x00800f00 BUS: 400000 Hz actual: 390625 HZ div: 512 (256) status: 0x1fff0000 delay: 276
  4.00 OCR c0ff8000 [82]
CID: 009f544953443332476162e0188c0149
CSD: 400e00325b590000e9277f800a400000
  4.00 SD: bus-width: 4 spec: 2 SCR: 0x02858082 0x00000000
  4.01 SD HOST: 200000000 CTL0: 0x00800f04 BUS: 50000000 Hz actual: 50000000 HZ div: 4 (2) status: 0x1fff0000 delay: 2
  4.02 MBR: 0x00004000, 1048576 type: 0x0c
  4.02 MBR: 0x00104000,60055552 type: 0x83
  4.03 MBR: 0x00000000,       0 type: 0x00
  4.03 MBR: 0x00000000,       0 type: 0x00
  4.38 Trying partition: 0
  4.41 type: 32 lba: 16384 'mkfs.fat' ' bootfs     ' clusters 261116 (4)
  4.04 rsc 32 fat-sectors 2040 root dir cluster 2 sectors 0 entries 0
  4.05 FAT32 clusters 261116
  4.06 [sdcard] autoboot.txt not found
  4.06 Select partition rsts 0 C(boot_partition) 0 EEPROM config 0 result 1
  4.69 Trying partition: 1
  4.71 type: 32 lba: 16384 'mkfs.fat' ' bootfs     ' clusters 261115 (4)
  4.07 rsc 32 fat-sectors 2040 root dir cluster 2 sectors 0 entries 0
  4.08 FAT32 clusters 261115
  4.89 Read config.txt bytes     1339 hnd 0x3b4
  4.09 [sdcard] pieeprom.upd not found
  4.09 [sdcard] recover4.elf not found
  4.09 [sdcard] recovery.elf not found
  4.05 Read start4db.elf bytes  3804392 hnd 0x5bbd
  4.09 Read fixup4db.dat bytes     8494 hnd 0x25c
  4.11 0x00d03115 0x00000000 0x00003fff
  4.15 MEM GPU: 76 ARM: 948 TOTAL: 1024
  4.26 Firmware: 288930ab4712b99596f32732664aaaeb881ef1e0 May 21 2026 11:20:52
  4.85 Starting start4db.elf @ 0xfec00200 partition 1
  4.48 XHCI-STOP
  4.48 xHC0 ver: 256 HCS: 05000420 fc000031 00e70004 HCC: 002841eb
  4.49 USBSTS 18
  4.49 PCI0 reset
  4.50 +

MESS:00:00:04.525864:0: arasan: arasan_emmc_open
MESS:00:00:04.527522:0: arasan: arasan_emmc_set_clock C0: 0x00800000 C1: 0x000e0047 emmc: 200000000 actual: 390625 div: 0x00000100 target: 400000 min: 400000 max: 400000 delay: 5
MESS:00:00:04.647776:0: arasan: arasan_emmc_set_clock C0: 0x00800000 C1: 0x000e0047 emmc: 200000000 actual: 390625 div: 0x00000100 target: 400000 min: 400000 max: 400000 delay: 5
MESS:00:00:04.660647:0: arasan: arasan_emmc_set_clock C0: 0x00800f00 C1: 0x000e0047 emmc: 200000000 actual: 390625 div: 0x00000100 target: 400000 min: 390000 max: 400000 delay: 5
MESS:00:00:04.694743:0: boot-part: 1 fs-type: 0
MESS:00:00:04.696156:0: boot-part: 1 fs-type: 3
MESS:00:00:04.700539:0: arasan: arasan_emmc_set_clock C0: 0x00800f06 C1: 0x000e0207 emmc: 200000000 actual: 50000000 div: 0x00000002 target: 50000000 min: 0 max: 50000000 delay: 1
MESS:00:00:04.869401:0: brfs: File read: /mfs/sd/config.txt
MESS:00:00:04.872581:0: board: boardrev d03115 otp d03115
MESS:00:00:04.877081:0: brfs: File read: 1339 bytes
MESS:00:00:04.904143:0: HDMI0:EDID error reading EDID block 0 attempt 0
MESS:00:00:04.908647:0: HDMI0:EDID giving up on reading EDID block 0
MESS:00:00:04.925851:0: HDMI1:EDID error reading EDID block 0 attempt 0
MESS:00:00:04.930359:0: HDMI1:EDID giving up on reading EDID block 0
MESS:00:00:04.937058:0: brfs: File read: /mfs/sd/config.txt
MESS:00:00:05.743545:0: gpioman: gpioman_get_pin_num: pin DISPLAY_DSI_PORT not defined
MESS:00:00:05.749105:0: gpioman: gpioman_get_pin_num: pin DISPLAY_DSI_PORT not defined
MESS:00:00:05.758253:0: *** Restart logging
MESS:00:00:05.759910:0: brfs: File read: 1339 bytes
MESS:00:00:05.770043:0: hdmi: HDMI0:EDID error reading EDID block 0 attempt 0
MESS:00:00:05.775074:0: hdmi: HDMI0:EDID giving up on reading EDID block 0
MESS:00:00:05.785699:0: hdmi: HDMI0:EDID error reading EDID block 0 attempt 0
MESS:00:00:05.790721:0: hdmi: HDMI0:EDID giving up on reading EDID block 0
MESS:00:00:05.796320:0: hdmi: HDMI:hdmi_get_state is deprecated, use hdmi_get_display_state instead
MESS:00:00:05.810111:0: hdmi: HDMI1:EDID error reading EDID block 0 attempt 0
MESS:00:00:05.815136:0: hdmi: HDMI1:EDID giving up on reading EDID block 0
MESS:00:00:05.825759:0: hdmi: HDMI1:EDID error reading EDID block 0 attempt 0
MESS:00:00:05.830788:0: hdmi: HDMI1:EDID giving up on reading EDID block 0
MESS:00:00:05.836387:0: hdmi: HDMI:hdmi_get_state is deprecated, use hdmi_get_display_state instead
MESS:00:00:05.845151:0: HDMI0: hdmi_pixel_freq_limit: 300000000
MESS:00:00:05.850796:0: HDMI1: hdmi_pixel_freq_limit: 300000000
MESS:00:00:06.869007:0: brfs: File read: /mfs/sd/initramfs8
MESS:00:00:06.871473:0: Loaded 'initramfs8' to 0x0 size 0xb6cd2d
MESS:00:00:06.886792:0: initramfs (initramfs8) loaded to 0x2e493000 (size 0xb6cd2d)
MESS:00:00:06.900796:0: dtb_file 'bcm2711-rpi-4-b.dtb'
MESS:00:00:06.902829:0: brfs: File read: 11980077 bytes
MESS:00:00:06.914602:0: brfs: File read: /mfs/sd/bcm2711-rpi-4-b.dtb
MESS:00:00:06.917844:0: Loaded 'bcm2711-rpi-4-b.dtb' to 0x100 size 0xdc31
MESS:00:00:06.938214:0: brfs: File read: 56369 bytes
MESS:00:00:06.956511:0: brfs: File read: /mfs/sd/overlays/overlay_map.dtb
MESS:00:00:06.988278:0: brfs: File read: 5971 bytes
MESS:00:00:06.993017:0: brfs: File read: /mfs/sd/config.txt
MESS:00:00:06.995596:0: dtparam: spi=on
MESS:00:00:07.007255:0: dtparam: audio=off
MESS:00:00:07.012457:0: brfs: File read: 1339 bytes
MESS:00:00:07.019143:0: brfs: File read: /mfs/sd/overlays/disable-bt.dtbo
MESS:00:00:07.037978:0: Loaded overlay 'disable-bt'
MESS:00:00:07.073392:0: brfs: File read: 1073 bytes
MESS:00:00:07.080076:0: brfs: File read: /mfs/sd/overlays/disable-wifi.dtbo
MESS:00:00:07.092765:0: Loaded overlay 'disable-wifi'
MESS:00:00:07.109394:0: brfs: File read: 387 bytes
MESS:00:00:07.136196:0: brfs: File read: /mfs/sd/overlays/vc4-kms-v3d-pi4.dtbo
MESS:00:00:07.203469:0: Loaded overlay 'vc4-kms-v3d-pi4'
MESS:00:00:07.375632:0: brfs: File read: 3913 bytes
MESS:00:00:07.379828:0: brfs: File read: /mfs/sd/cmdline.txt
MESS:00:00:07.382806:0: Read command line from file 'cmdline.txt':
MESS:00:00:07.388682:0: 'console=serial0,115200 console=tty1 root=PARTUUID=dd9aa4ca-02 rootfstype=ext4 fsck.repair=yes rootwait'
MESS:00:00:07.524147:0: brfs: File read: 102 bytes
MESS:00:00:08.371120:0: brfs: File read: /mfs/sd/kernel8.img
MESS:00:00:08.373676:0: Loaded 'kernel8.img' to 0x200000 size 0x988f1c
MESS:00:00:09.793889:0: Device tree loaded to 0x2e484e00 (size 0xe199)
MESS:00:00:09.800306:0: uart: Set PL011 baud rate to 103448.300000 Hz
MESS:00:00:09.806551:0: uart: Baud rate change done...
MESS:00:00:09.808569:0: uart: Baud rate change done...
MESS:00:00:09.816360:0: gpioman: gpioman_get_pin_num: pin SDCARD_CONTROL_POWER not defined
MESS:00:00:09.821663:0: Watchdog stopped
MESS:00:00:09.825155:0: arm_loader: Starting ARM with 948MB
[    0.000000] Booting Linux on physical CPU 0x0000000000 [0x410fd083]
