4297.467: arasan: arasan_emmc_open
4299.124: arasan: arasan_emmc_set_clock C0: 0x00800000 C1: 0x000e0047 emmc: 200000000 actual: 390625 div: 0x00000100 target: 400000 min: 400000 max: 400000 delay: 5
4419.317: arasan: arasan_emmc_set_clock C0: 0x00800000 C1: 0x000e0047 emmc: 200000000 actual: 390625 div: 0x00000100 target: 400000 min: 400000 max: 400000 delay: 5
4432.188: arasan: arasan_emmc_set_clock C0: 0x00800f00 C1: 0x000e0047 emmc: 200000000 actual: 390625 div: 0x00000100 target: 400000 min: 390000 max: 400000 delay: 5
4466.248: boot-part: 1 fs-type: 0
4467.661: boot-part: 1 fs-type: 3
4472.041: arasan: arasan_emmc_set_clock C0: 0x00800f06 C1: 0x000e0207 emmc: 200000000 actual: 50000000 div: 0x00000002 target: 50000000 min: 0 max: 50000000 delay: 1
4640.342: brfs: File read: /mfs/sd/config.txt
4643.526: board: boardrev d03115 otp d03115
4648.008: brfs: File read: 1344 bytes
4676.247: HDMI0:EDID error reading EDID block 0 attempt 0
4680.751: HDMI0:EDID giving up on reading EDID block 0
4698.618: HDMI1:EDID error reading EDID block 0 attempt 0
4703.127: HDMI1:EDID giving up on reading EDID block 0
4709.731: brfs: File read: /mfs/sd/config.txt
5481.476: gpioman: gpioman_get_pin_num: pin DISPLAY_DSI_PORT not defined
5487.029: gpioman: gpioman_get_pin_num: pin DISPLAY_DSI_PORT not defined
5496.053: *** Restart logging
5497.840: brfs: File read: 1344 bytes
5507.951: hdmi: HDMI0:EDID error reading EDID block 0 attempt 0
5512.983: hdmi: HDMI0:EDID giving up on reading EDID block 0
5523.603: hdmi: HDMI0:EDID error reading EDID block 0 attempt 0
5528.624: hdmi: HDMI0:EDID giving up on reading EDID block 0
5534.224: hdmi: HDMI:hdmi_get_state is deprecated, use hdmi_get_display_state instead
5548.009: hdmi: HDMI1:EDID error reading EDID block 0 attempt 0
5553.034: hdmi: HDMI1:EDID giving up on reading EDID block 0
5563.651: hdmi: HDMI1:EDID error reading EDID block 0 attempt 0
5568.681: hdmi: HDMI1:EDID giving up on reading EDID block 0
5574.279: hdmi: HDMI:hdmi_get_state is deprecated, use hdmi_get_display_state instead
5583.042: HDMI0: hdmi_pixel_freq_limit: 300000000
5588.684: HDMI1: hdmi_pixel_freq_limit: 300000000
6605.865: brfs: File read: /mfs/sd/initramfs8
6608.329: Loaded 'initramfs8' to 0x0 size 0xb6cd2d
6623.652: initramfs (initramfs8) loaded to 0x2e493000 (size 0xb6cd2d)
6637.618: dtb_file 'bcm2711-rpi-4-b.dtb'
6639.651: brfs: File read: 11980077 bytes
6651.250: brfs: File read: /mfs/sd/bcm2711-rpi-4-b.dtb
6654.494: Loaded 'bcm2711-rpi-4-b.dtb' to 0x100 size 0xdc31
6699.434: brfs: File read: 56369 bytes
6702.366: brfs: File read: /mfs/sd/config.txt
6706.694: dtparam: spi=on
6718.384: dtparam: audio=off
6723.501: brfs: File read: 1344 bytes
6741.513: brfs: File read: /mfs/sd/overlays/overlay_map.dtb
6748.284: brfs: File read: 5971 bytes
6755.395: brfs: File read: /mfs/sd/overlays/disable-bt.dtbo
6774.087: Loaded overlay 'disable-bt'
6809.214: brfs: File read: 1073 bytes
6815.831: brfs: File read: /mfs/sd/overlays/disable-wifi.dtbo
6828.517: Loaded overlay 'disable-wifi'
6845.037: brfs: File read: 387 bytes
6871.534: brfs: File read: /mfs/sd/overlays/vc4-kms-v3d-pi4.dtbo
6938.300: Loaded overlay 'vc4-kms-v3d-pi4'
7109.746: brfs: File read: 3913 bytes
7113.842: brfs: File read: /mfs/sd/cmdline.txt
7116.920: Read command line from file 'cmdline.txt':
7122.797: 'console=serial0,115200 console=tty1 root=PARTUUID=dd9aa4ca-02 rootfstype=ext4 fsck.repair=yes rootwait'
7258.030: brfs: File read: 102 bytes
8104.693: brfs: File read: /mfs/sd/kernel8.img
8107.248: Loaded 'kernel8.img' to 0x200000 size 0x988f1c
9538.947: Device tree loaded to 0x2e484e00 (size 0xe199)
9543.821: uart: Set PL011 baud rate to 103448.300000 Hz
9551.401: uart: Set PL011 baud rate to 103448.300000 Hz
9551.443: uart: Baud rate change done...
9553.460: uart: Baud rate change done...
9559.528: gpioman: gpioman_get_pin_num: pin SDCARD_CONTROL_POWER not defined
9566.455: Watchdog stopped
9569.959: arm_loader: Starting ARM with 948MB
9681.099: sdram: sdram refresh 1562->3124 (2)
10664.803: XHCI_RESET: vendor: 1106 device: 3483 pcie-base: 00004000
10755.480: MCU FW: 10ffc800 3ff20000
10755.505: VLI firmware load complete status 0
